Archive member included to satisfy reference by file (symbol)

h:/truestudio for stm32 9.1.0/armtools/bin/../lib/gcc/arm-atollic-eabi/6.3.1/../../../../arm-atollic-eabi/lib/armv7e-m/fpu\libc.a(lib_a-init.o)
                              startup\startup_stm32f407xx.o (__libc_init_array)
h:/truestudio for stm32 9.1.0/armtools/bin/../lib/gcc/arm-atollic-eabi/6.3.1/../../../../arm-atollic-eabi/lib/armv7e-m/fpu\libc.a(lib_a-malloc.o)
                              Src\main.o (malloc)
h:/truestudio for stm32 9.1.0/armtools/bin/../lib/gcc/arm-atollic-eabi/6.3.1/../../../../arm-atollic-eabi/lib/armv7e-m/fpu\libc.a(lib_a-mallocr.o)
                              h:/truestudio for stm32 9.1.0/armtools/bin/../lib/gcc/arm-atollic-eabi/6.3.1/../../../../arm-atollic-eabi/lib/armv7e-m/fpu\libc.a(lib_a-malloc.o) (_malloc_r)
h:/truestudio for stm32 9.1.0/armtools/bin/../lib/gcc/arm-atollic-eabi/6.3.1/../../../../arm-atollic-eabi/lib/armv7e-m/fpu\libc.a(lib_a-mlock.o)
                              h:/truestudio for stm32 9.1.0/armtools/bin/../lib/gcc/arm-atollic-eabi/6.3.1/../../../../arm-atollic-eabi/lib/armv7e-m/fpu\libc.a(lib_a-mallocr.o) (__malloc_lock)
h:/truestudio for stm32 9.1.0/armtools/bin/../lib/gcc/arm-atollic-eabi/6.3.1/../../../../arm-atollic-eabi/lib/armv7e-m/fpu\libc.a(lib_a-sbrkr.o)
                              h:/truestudio for stm32 9.1.0/armtools/bin/../lib/gcc/arm-atollic-eabi/6.3.1/../../../../arm-atollic-eabi/lib/armv7e-m/fpu\libc.a(lib_a-mallocr.o) (_sbrk_r)
h:/truestudio for stm32 9.1.0/armtools/bin/../lib/gcc/arm-atollic-eabi/6.3.1/../../../../arm-atollic-eabi/lib/armv7e-m/fpu\libc.a(lib_a-sprintf.o)
                              Src\main.o (sprintf)
h:/truestudio for stm32 9.1.0/armtools/bin/../lib/gcc/arm-atollic-eabi/6.3.1/../../../../arm-atollic-eabi/lib/armv7e-m/fpu\libc.a(lib_a-strcat.o)
                              Src\main.o (strcat)
h:/truestudio for stm32 9.1.0/armtools/bin/../lib/gcc/arm-atollic-eabi/6.3.1/../../../../arm-atollic-eabi/lib/armv7e-m/fpu\libc.a(lib_a-svfprintf.o)
                              h:/truestudio for stm32 9.1.0/armtools/bin/../lib/gcc/arm-atollic-eabi/6.3.1/../../../../arm-atollic-eabi/lib/armv7e-m/fpu\libc.a(lib_a-sprintf.o) (_svfprintf_r)
h:/truestudio for stm32 9.1.0/armtools/bin/../lib/gcc/arm-atollic-eabi/6.3.1/../../../../arm-atollic-eabi/lib/armv7e-m/fpu\libc.a(lib_a-dtoa.o)
                              h:/truestudio for stm32 9.1.0/armtools/bin/../lib/gcc/arm-atollic-eabi/6.3.1/../../../../arm-atollic-eabi/lib/armv7e-m/fpu\libc.a(lib_a-svfprintf.o) (_dtoa_r)
h:/truestudio for stm32 9.1.0/armtools/bin/../lib/gcc/arm-atollic-eabi/6.3.1/../../../../arm-atollic-eabi/lib/armv7e-m/fpu\libc.a(lib_a-freer.o)
                              h:/truestudio for stm32 9.1.0/armtools/bin/../lib/gcc/arm-atollic-eabi/6.3.1/../../../../arm-atollic-eabi/lib/armv7e-m/fpu\libc.a(lib_a-malloc.o) (_free_r)
h:/truestudio for stm32 9.1.0/armtools/bin/../lib/gcc/arm-atollic-eabi/6.3.1/../../../../arm-atollic-eabi/lib/armv7e-m/fpu\libc.a(lib_a-impure.o)
                              h:/truestudio for stm32 9.1.0/armtools/bin/../lib/gcc/arm-atollic-eabi/6.3.1/../../../../arm-atollic-eabi/lib/armv7e-m/fpu\libc.a(lib_a-malloc.o) (_impure_ptr)
h:/truestudio for stm32 9.1.0/armtools/bin/../lib/gcc/arm-atollic-eabi/6.3.1/../../../../arm-atollic-eabi/lib/armv7e-m/fpu\libc.a(lib_a-localeconv.o)
                              h:/truestudio for stm32 9.1.0/armtools/bin/../lib/gcc/arm-atollic-eabi/6.3.1/../../../../arm-atollic-eabi/lib/armv7e-m/fpu\libc.a(lib_a-svfprintf.o) (_localeconv_r)
h:/truestudio for stm32 9.1.0/armtools/bin/../lib/gcc/arm-atollic-eabi/6.3.1/../../../../arm-atollic-eabi/lib/armv7e-m/fpu\libc.a(lib_a-lock.o)
                              h:/truestudio for stm32 9.1.0/armtools/bin/../lib/gcc/arm-atollic-eabi/6.3.1/../../../../arm-atollic-eabi/lib/armv7e-m/fpu\libc.a(lib_a-mlock.o) (__retarget_lock_acquire_recursive)
h:/truestudio for stm32 9.1.0/armtools/bin/../lib/gcc/arm-atollic-eabi/6.3.1/../../../../arm-atollic-eabi/lib/armv7e-m/fpu\libc.a(lib_a-memchr.o)
                              h:/truestudio for stm32 9.1.0/armtools/bin/../lib/gcc/arm-atollic-eabi/6.3.1/../../../../arm-atollic-eabi/lib/armv7e-m/fpu\libc.a(lib_a-svfprintf.o) (memchr)
h:/truestudio for stm32 9.1.0/armtools/bin/../lib/gcc/arm-atollic-eabi/6.3.1/../../../../arm-atollic-eabi/lib/armv7e-m/fpu\libc.a(lib_a-memcpy-stub.o)
                              h:/truestudio for stm32 9.1.0/armtools/bin/../lib/gcc/arm-atollic-eabi/6.3.1/../../../../arm-atollic-eabi/lib/armv7e-m/fpu\libc.a(lib_a-dtoa.o) (memcpy)
h:/truestudio for stm32 9.1.0/armtools/bin/../lib/gcc/arm-atollic-eabi/6.3.1/../../../../arm-atollic-eabi/lib/armv7e-m/fpu\libc.a(lib_a-mprec.o)
                              h:/truestudio for stm32 9.1.0/armtools/bin/../lib/gcc/arm-atollic-eabi/6.3.1/../../../../arm-atollic-eabi/lib/armv7e-m/fpu\libc.a(lib_a-dtoa.o) (_Balloc)
[...]
Memory Configuration

Name             Origin             Length             Attributes
RAM              0x20000000         0x00020000         xrw
CCMRAM           0x10000000         0x00010000         rw
FLASH            0x08000000         0x00100000         xr
*default*        0x00000000         0xffffffff

Linker script and memory map

LOAD h:/truestudio for stm32 9.1.0/armtools/bin/../lib/gcc/arm-atollic-eabi/6.3.1/armv7e-m/fpu/crti.o
LOAD h:/truestudio for stm32 9.1.0/armtools/bin/../lib/gcc/arm-atollic-eabi/6.3.1/armv7e-m/fpu/crtbegin.o
LOAD Drivers\STM32F4xx_HAL_Driver\Src\stm32f4xx_hal.o
LOAD Drivers\STM32F4xx_HAL_Driver\Src\stm32f4xx_hal_adc.o
LOAD Drivers\STM32F4xx_HAL_Driver\Src\stm32f4xx_hal_adc_ex.o
LOAD Drivers\STM32F4xx_HAL_Driver\Src\stm32f4xx_hal_cortex.o
LOAD Drivers\STM32F4xx_HAL_Driver\Src\stm32f4xx_hal_dac.o
LOAD Drivers\STM32F4xx_HAL_Driver\Src\stm32f4xx_hal_dac_ex.o
LOAD Drivers\STM32F4xx_HAL_Driver\Src\stm32f4xx_hal_dma.o
LOAD Drivers\STM32F4xx_HAL_Driver\Src\stm32f4xx_hal_dma_ex.o
LOAD Drivers\STM32F4xx_HAL_Driver\Src\stm32f4xx_hal_flash.o
LOAD Drivers\STM32F4xx_HAL_Driver\Src\stm32f4xx_hal_flash_ex.o
LOAD Drivers\STM32F4xx_HAL_Driver\Src\stm32f4xx_hal_flash_ramfunc.o
LOAD Drivers\STM32F4xx_HAL_Driver\Src\stm32f4xx_hal_gpio.o
LOAD Drivers\STM32F4xx_HAL_Driver\Src\stm32f4xx_hal_i2c.o
LOAD Drivers\STM32F4xx_HAL_Driver\Src\stm32f4xx_hal_i2c_ex.o
LOAD Drivers\STM32F4xx_HAL_Driver\Src\stm32f4xx_hal_pwr.o
LOAD Drivers\STM32F4xx_HAL_Driver\Src\stm32f4xx_hal_pwr_ex.o
LOAD Drivers\STM32F4xx_HAL_Driver\Src\stm32f4xx_hal_rcc.o
LOAD Drivers\STM32F4xx_HAL_Driver\Src\stm32f4xx_hal_rcc_ex.o
LOAD Drivers\STM32F4xx_HAL_Driver\Src\stm32f4xx_hal_sd.o
LOAD Drivers\STM32F4xx_HAL_Driver\Src\stm32f4xx_hal_sram.o
LOAD Drivers\STM32F4xx_HAL_Driver\Src\stm32f4xx_hal_tim.o
LOAD Drivers\STM32F4xx_HAL_Driver\Src\stm32f4xx_hal_tim_ex.o
LOAD Drivers\STM32F4xx_HAL_Driver\Src\stm32f4xx_ll_fsmc.o
LOAD Drivers\STM32F4xx_HAL_Driver\Src\stm32f4xx_ll_sdmmc.o
LOAD Middlewares\Third_Party\FatFs\src\diskio.o
LOAD Middlewares\Third_Party\FatFs\src\ff.o
LOAD Middlewares\Third_Party\FatFs\src\ff_gen_drv.o
LOAD Middlewares\Third_Party\FatFs\src\option\syscall.o
LOAD Src\MA_ILI9341.o
LOAD Src\adc.o
LOAD Src\bsp_driver_sd.o
LOAD Src\dac.o
LOAD Src\dma.o
LOAD Src\fatfs.o
LOAD Src\fsmc.o
LOAD Src\gpio.o
LOAD Src\i2c.o
LOAD Src\main.o
LOAD Src\sd_diskio.o
LOAD Src\sdio.o
LOAD Src\stm32f4xx_hal_msp.o
LOAD Src\stm32f4xx_it.o
LOAD Src\system_stm32f4xx.o
LOAD Src\tim.o
LOAD startup\startup_stm32f407xx.o
                0x00000080                malloc_getpagesize_P = 0x80
START GROUP
LOAD h:/truestudio for stm32 9.1.0/armtools/bin/../lib/gcc/arm-atollic-eabi/6.3.1/../../../../arm-atollic-eabi/lib/armv7e-m/fpu\libc.a
LOAD h:/truestudio for stm32 9.1.0/armtools/bin/../lib/gcc/arm-atollic-eabi/6.3.1/../../../../arm-atollic-eabi/lib/armv7e-m/fpu\libm.a
END GROUP
START GROUP
LOAD h:/truestudio for stm32 9.1.0/armtools/bin/../lib/gcc/arm-atollic-eabi/6.3.1/armv7e-m/fpu\libgcc.a
LOAD h:/truestudio for stm32 9.1.0/armtools/bin/../lib/gcc/arm-atollic-eabi/6.3.1/../../../../arm-atollic-eabi/lib/armv7e-m/fpu\libc.a
END GROUP
START GROUP
LOAD h:/truestudio for stm32 9.1.0/armtools/bin/../lib/gcc/arm-atollic-eabi/6.3.1/armv7e-m/fpu\libgcc.a
LOAD h:/truestudio for stm32 9.1.0/armtools/bin/../lib/gcc/arm-atollic-eabi/6.3.1/../../../../arm-atollic-eabi/lib/armv7e-m/fpu\libc.a
LOAD h:/truestudio for stm32 9.1.0/armtools/bin/../lib/gcc/arm-atollic-eabi/6.3.1/../../../../arm-atollic-eabi/lib/armv7e-m/fpu\libnosys.a
END GROUP
LOAD h:/truestudio for stm32 9.1.0/armtools/bin/../lib/gcc/arm-atollic-eabi/6.3.1/armv7e-m/fpu/crtend.o
LOAD h:/truestudio for stm32 9.1.0/armtools/bin/../lib/gcc/arm-atollic-eabi/6.3.1/armv7e-m/fpu/crtn.o
                0x20020000                _estack = 0x20020000
                0x00002000                _Min_Heap_Size = 0x2000
                0x00004000                _Min_Stack_Size = 0x4000

.isr_vector     0x08000000      0x188
                0x08000000                . = ALIGN (0x4)
 *(.isr_vector)
 .isr_vector    0x08000000      0x188 startup\startup_stm32f407xx.o
                0x08000000                g_pfnVectors
                0x08000188                . = ALIGN (0x4)

.text           0x08000190     0xcf0c
                0x08000190                . = ALIGN (0x4)
 *(.text)
 .text          0x08000190       0x40 h:/truestudio for stm32 9.1.0/armtools/bin/../lib/gcc/arm-atollic-eabi/6.3.1/armv7e-m/fpu/crtbegin.o
 .text          0x080001d0       0xa0 h:/truestudio for stm32 9.1.0/armtools/bin/../lib/gcc/arm-atollic-eabi/6.3.1/../../../../arm-atollic-eabi/lib/armv7e-m/fpu\libc.a(lib_a-memchr.o)
                0x080001d0                memchr
 .text          0x08000270       0x10 h:/truestudio for stm32 9.1.0/armtools/bin/../lib/gcc/arm-atollic-eabi/6.3.1/../../../../arm-atollic-eabi/lib/armv7e-m/fpu\libc.a(lib_a-strlen.o)
                0x08000270                strlen
 .text          0x08000280      0x370 h:/truestudio for stm32 9.1.0/armtools/bin/../lib/gcc/arm-atollic-eabi/6.3.1/armv7e-m/fpu\libgcc.a(_arm_addsubdf3.o)
                0x08000280                __aeabi_drsub
                0x08000288                __aeabi_dsub
                0x08000288                __subdf3
                0x0800028c                __aeabi_dadd
                0x0800028c                __adddf3
                0x08000504                __floatunsidf
                0x08000504                __aeabi_ui2d
                0x08000524                __floatsidf
                0x08000524                __aeabi_i2d
                0x08000548                __aeabi_f2d
                0x08000548                __extendsfdf2
                0x08000584                __floatundidf
                0x08000584                __aeabi_ul2d
                0x08000594                __floatdidf
                0x08000594                __aeabi_l2d
 .text          0x080005f0      0x424 h:/truestudio for stm32 9.1.0/armtools/bin/../lib/gcc/arm-atollic-eabi/6.3.1/armv7e-m/fpu\libgcc.a(_arm_muldivdf3.o)
                0x080005f0                __aeabi_dmul
                0x080005f0                __muldf3
                0x08000844                __divdf3
                0x08000844                __aeabi_ddiv
 .text          0x08000a14      0x110 h:/truestudio for stm32 9.1.0/armtools/bin/../lib/gcc/arm-atollic-eabi/6.3.1/armv7e-m/fpu\libgcc.a(_arm_cmpdf2.o)
                0x08000a14                __gtdf2
                0x08000a14                __gedf2
                0x08000a1c                __ltdf2
                0x08000a1c                __ledf2
                0x08000a24                __nedf2
                0x08000a24                __eqdf2
                0x08000a24                __cmpdf2
                0x08000aa0                __aeabi_cdrcmple
                0x08000ab0                __aeabi_cdcmpeq
                0x08000ab0                __aeabi_cdcmple
                0x08000ac0                __aeabi_dcmpeq
                0x08000ad4                __aeabi_dcmplt
                0x08000ae8                __aeabi_dcmple
                0x08000afc                __aeabi_dcmpge
                0x08000b10                __aeabi_dcmpgt
 .text          0x08000b24       0x2c h:/truestudio for stm32 9.1.0/armtools/bin/../lib/gcc/arm-atollic-eabi/6.3.1/armv7e-m/fpu\libgcc.a(_arm_unorddf2.o)
                0x08000b24                __unorddf2
                0x08000b24                __aeabi_dcmpun
 .text          0x08000b50       0x50 h:/truestudio for stm32 9.1.0/armtools/bin/../lib/gcc/arm-atollic-eabi/6.3.1/armv7e-m/fpu\libgcc.a(_arm_fixdfsi.o)
                0x08000b50                __aeabi_d2iz
                0x08000b50                __fixdfsi
 .text          0x08000ba0       0x40 h:/truestudio for stm32 9.1.0/armtools/bin/../lib/gcc/arm-atollic-eabi/6.3.1/armv7e-m/fpu\libgcc.a(_arm_fixunsdfsi.o)
                0x08000ba0                __aeabi_d2uiz
                0x08000ba0                __fixunsdfsi
 .text          0x08000be0       0xa0 h:/truestudio for stm32 9.1.0/armtools/bin/../lib/gcc/arm-atollic-eabi/6.3.1/armv7e-m/fpu\libgcc.a(_arm_truncdfsf2.o)
                0x08000be0                __truncdfsf2
                0x08000be0                __aeabi_d2f
 .text          0x08000c80       0x30 h:/truestudio for stm32 9.1.0/armtools/bin/../lib/gcc/arm-atollic-eabi/6.3.1/armv7e-m/fpu\libgcc.a(_aeabi_uldivmod.o)
                0x08000c80                __aeabi_uldivmod
 .text          0x08000cb0      0x2dc h:/truestudio for stm32 9.1.0/armtools/bin/../lib/gcc/arm-atollic-eabi/6.3.1/armv7e-m/fpu\libgcc.a(_udivmoddi4.o)
                0x08000cb0                __udivmoddi4
 .text          0x08000f8c        0x4 h:/truestudio for stm32 9.1.0/armtools/bin/../lib/gcc/arm-atollic-eabi/6.3.1/armv7e-m/fpu\libgcc.a(_dvmd_tls.o)
                0x08000f8c                __aeabi_idiv0
                0x08000f8c                __aeabi_ldiv0
 *(.text*)
 .text.HAL_InitTick
                0x08000f90       0x48 Drivers\STM32F4xx_HAL_Driver\Src\stm32f4xx_hal.o
                0x08000f90                HAL_InitTick
 .text.HAL_Init
                0x08000fd8       0x34 Drivers\STM32F4xx_HAL_Driver\Src\stm32f4xx_hal.o
                0x08000fd8                HAL_Init
 .text.HAL_IncTick
                0x0800100c       0x18 Drivers\STM32F4xx_HAL_Driver\Src\stm32f4xx_hal.o
                0x0800100c                HAL_IncTick
 .text.HAL_GetTick
                0x08001024        0xc Drivers\STM32F4xx_HAL_Driver\Src\stm32f4xx_hal.o
                0x08001024                HAL_GetTick
 .text.HAL_Delay
                0x08001030       0x28 Drivers\STM32F4xx_HAL_Driver\Src\stm32f4xx_hal.o
                0x08001030                HAL_Delay
 .text.HAL_ADC_Init
                0x08001058      0x148 Drivers\STM32F4xx_HAL_Driver\Src\stm32f4xx_hal_adc.o
                0x08001058                HAL_ADC_Init
 .text.HAL_ADC_Start_DMA
                0x080011a0      0x100 Drivers\STM32F4xx_HAL_Driver\Src\stm32f4xx_hal_adc.o
                0x080011a0                HAL_ADC_Start_DMA
 .text.ADC_DMAConvCplt
                0x080012a0       0x60 Drivers\STM32F4xx_HAL_Driver\Src\stm32f4xx_hal_adc.o
 .text.HAL_ADC_ConvHalfCpltCallback
                0x08001300        0x2 Drivers\STM32F4xx_HAL_Driver\Src\stm32f4xx_hal_adc.o
                0x08001300                HAL_ADC_ConvHalfCpltCallback
 .text.ADC_DMAHalfConvCplt
                0x08001302        0xa Drivers\STM32F4xx_HAL_Driver\Src\stm32f4xx_hal_adc.o
 .text.HAL_ADC_ErrorCallback
                0x0800130c        0x2 Drivers\STM32F4xx_HAL_Driver\Src\stm32f4xx_hal_adc.o
                0x0800130c                HAL_ADC_ErrorCallback
 .text.ADC_DMAError
                0x0800130e       0x16 Drivers\STM32F4xx_HAL_Driver\Src\stm32f4xx_hal_adc.o
 .text.HAL_ADC_ConfigChannel
                0x08001324      0x12c Drivers\STM32F4xx_HAL_Driver\Src\stm32f4xx_hal_adc.o
                0x08001324                HAL_ADC_ConfigChannel
 .text.HAL_NVIC_SetPriorityGrouping
                0x08001450       0x24 Drivers\STM32F4xx_HAL_Driver\Src\stm32f4xx_hal_cortex.o
                0x08001450                HAL_NVIC_SetPriorityGrouping
 .text.HAL_NVIC_SetPriority
                0x08001474       0x68 Drivers\STM32F4xx_HAL_Driver\Src\stm32f4xx_hal_cortex.o
                0x08001474                HAL_NVIC_SetPriority
 .text.HAL_NVIC_EnableIRQ
                0x080014dc       0x18 Drivers\STM32F4xx_HAL_Driver\Src\stm32f4xx_hal_cortex.o
                0x080014dc                HAL_NVIC_EnableIRQ
 .text.HAL_SYSTICK_Config
                0x080014f4       0x2c Drivers\STM32F4xx_HAL_Driver\Src\stm32f4xx_hal_cortex.o
                0x080014f4                HAL_SYSTICK_Config
 .text.HAL_SYSTICK_CLKSourceConfig
                0x08001520       0x18 Drivers\STM32F4xx_HAL_Driver\Src\stm32f4xx_hal_cortex.o
                0x08001520                HAL_SYSTICK_CLKSourceConfig
 .text.HAL_SYSTICK_Callback
                0x08001538        0x2 Drivers\STM32F4xx_HAL_Driver\Src\stm32f4xx_hal_cortex.o
                0x08001538                HAL_SYSTICK_Callback
 .text.HAL_SYSTICK_IRQHandler
                0x0800153a        0x8 Drivers\STM32F4xx_HAL_Driver\Src\stm32f4xx_hal_cortex.o
                0x0800153a                HAL_SYSTICK_IRQHandler
 .text.HAL_DAC_Init
                0x08001542       0x26 Drivers\STM32F4xx_HAL_Driver\Src\stm32f4xx_hal_dac.o
                0x08001542                HAL_DAC_Init
 .text.HAL_DAC_Start_DMA
                0x08001568       0xc8 Drivers\STM32F4xx_HAL_Driver\Src\stm32f4xx_hal_dac.o
                0x08001568                HAL_DAC_Start_DMA
 .text.HAL_DAC_Stop_DMA
                0x08001630       0x38 Drivers\STM32F4xx_HAL_Driver\Src\stm32f4xx_hal_dac.o
                0x08001630                HAL_DAC_Stop_DMA
 .text.HAL_DAC_ConvCpltCallbackCh1
                0x08001668        0x2 Drivers\STM32F4xx_HAL_Driver\Src\stm32f4xx_hal_dac.o
                0x08001668                HAL_DAC_ConvCpltCallbackCh1
 .text.DAC_DMAConvCpltCh1
                0x0800166a       0x10 Drivers\STM32F4xx_HAL_Driver\Src\stm32f4xx_hal_dac.o
 .text.HAL_DAC_ConvHalfCpltCallbackCh1
                0x0800167a        0x2 Drivers\STM32F4xx_HAL_Driver\Src\stm32f4xx_hal_dac.o
                0x0800167a                HAL_DAC_ConvHalfCpltCallbackCh1
 .text.DAC_DMAHalfConvCpltCh1
                0x0800167c        0xa Drivers\STM32F4xx_HAL_Driver\Src\stm32f4xx_hal_dac.o
 .text.HAL_DAC_ErrorCallbackCh1
                0x08001686        0x2 Drivers\STM32F4xx_HAL_Driver\Src\stm32f4xx_hal_dac.o
                0x08001686                HAL_DAC_ErrorCallbackCh1
 .text.DAC_DMAErrorCh1
                0x08001688       0x18 Drivers\STM32F4xx_HAL_Driver\Src\stm32f4xx_hal_dac.o
 .text.HAL_DAC_DMAUnderrunCallbackCh1
                0x080016a0        0x2 Drivers\STM32F4xx_HAL_Driver\Src\stm32f4xx_hal_dac.o
                0x080016a0                HAL_DAC_DMAUnderrunCallbackCh1
 .text.HAL_DAC_IRQHandler
                0x080016a2       0x58 Drivers\STM32F4xx_HAL_Driver\Src\stm32f4xx_hal_dac.o
                0x080016a2                HAL_DAC_IRQHandler
 .text.HAL_DAC_ConfigChannel
                0x080016fa       0x40 Drivers\STM32F4xx_HAL_Driver\Src\stm32f4xx_hal_dac.o
                0x080016fa                HAL_DAC_ConfigChannel
 .text.HAL_DACEx_ConvCpltCallbackCh2
                0x0800173a        0x2 Drivers\STM32F4xx_HAL_Driver\Src\stm32f4xx_hal_dac_ex.o
                0x0800173a                HAL_DACEx_ConvCpltCallbackCh2
 .text.HAL_DACEx_ConvHalfCpltCallbackCh2
                0x0800173c        0x2 Drivers\STM32F4xx_HAL_Driver\Src\stm32f4xx_hal_dac_ex.o
                0x0800173c                HAL_DACEx_ConvHalfCpltCallbackCh2
 .text.HAL_DACEx_ErrorCallbackCh2
                0x0800173e        0x2 Drivers\STM32F4xx_HAL_Driver\Src\stm32f4xx_hal_dac_ex.o
                0x0800173e                HAL_DACEx_ErrorCallbackCh2
 .text.HAL_DACEx_DMAUnderrunCallbackCh2
                0x08001740        0x2 Drivers\STM32F4xx_HAL_Driver\Src\stm32f4xx_hal_dac_ex.o
                0x08001740                HAL_DACEx_DMAUnderrunCallbackCh2
 .text.DAC_DMAConvCpltCh2
                0x08001742       0x10 Drivers\STM32F4xx_HAL_Driver\Src\stm32f4xx_hal_dac_ex.o
                0x08001742                DAC_DMAConvCpltCh2
 .text.DAC_DMAHalfConvCpltCh2
                0x08001752        0xa Drivers\STM32F4xx_HAL_Driver\Src\stm32f4xx_hal_dac_ex.o
                0x08001752                DAC_DMAHalfConvCpltCh2
 .text.DAC_DMAErrorCh2
                0x0800175c       0x18 Drivers\STM32F4xx_HAL_Driver\Src\stm32f4xx_hal_dac_ex.o
                0x0800175c                DAC_DMAErrorCh2
 .text.DMA_CalcBaseAndBitshift
                0x08001774       0x2c Drivers\STM32F4xx_HAL_Driver\Src\stm32f4xx_hal_dma.o
 .text.HAL_DMA_Init
                0x080017a0       0xfc Drivers\STM32F4xx_HAL_Driver\Src\stm32f4xx_hal_dma.o
                0x080017a0                HAL_DMA_Init
 .text.HAL_DMA_Start_IT
                0x0800189c       0x7c Drivers\STM32F4xx_HAL_Driver\Src\stm32f4xx_hal_dma.o
                0x0800189c                HAL_DMA_Start_IT
 .text.HAL_DMA_Abort
                0x08001918       0x86 Drivers\STM32F4xx_HAL_Driver\Src\stm32f4xx_hal_dma.o
                0x08001918                HAL_DMA_Abort
 .text.HAL_DMA_Abort_IT
                0x0800199e       0x24 Drivers\STM32F4xx_HAL_Driver\Src\stm32f4xx_hal_dma.o
                0x0800199e                HAL_DMA_Abort_IT
 *fill*         0x080019c2        0x2 
 .text.HAL_DMA_IRQHandler
                0x080019c4      0x174 Drivers\STM32F4xx_HAL_Driver\Src\stm32f4xx_hal_dma.o
                0x080019c4                HAL_DMA_IRQHandler
 .text.HAL_GPIO_Init
                0x08001b38      0x1c0 Drivers\STM32F4xx_HAL_Driver\Src\stm32f4xx_hal_gpio.o
                0x08001b38                HAL_GPIO_Init
 .text.HAL_GPIO_ReadPin
                0x08001cf8        0xc Drivers\STM32F4xx_HAL_Driver\Src\stm32f4xx_hal_gpio.o
                0x08001cf8                HAL_GPIO_ReadPin
 .text.HAL_GPIO_WritePin
                0x08001d04        0xa Drivers\STM32F4xx_HAL_Driver\Src\stm32f4xx_hal_gpio.o
                0x08001d04                HAL_GPIO_WritePin
 *fill*         0x08001d0e        0x2 
 .text.HAL_GPIO_EXTI_IRQHandler
                0x08001d10       0x18 Drivers\STM32F4xx_HAL_Driver\Src\stm32f4xx_hal_gpio.o
                0x08001d10                HAL_GPIO_EXTI_IRQHandler
 .text.I2C_IsAcknowledgeFailed
                0x08001d28       0x2a Drivers\STM32F4xx_HAL_Driver\Src\stm32f4xx_hal_i2c.o
 .text.I2C_WaitOnMasterAddressFlagUntilTimeout
                0x08001d52       0x80 Drivers\STM32F4xx_HAL_Driver\Src\stm32f4xx_hal_i2c.o
 .text.I2C_WaitOnFlagUntilTimeout
                0x08001dd2       0x5c Drivers\STM32F4xx_HAL_Driver\Src\stm32f4xx_hal_i2c.o
 .text.I2C_WaitOnTXEFlagUntilTimeout
                0x08001e2e       0x4c Drivers\STM32F4xx_HAL_Driver\Src\stm32f4xx_hal_i2c.o
 .text.I2C_WaitOnBTFFlagUntilTimeout
                0x08001e7a       0x4c Drivers\STM32F4xx_HAL_Driver\Src\stm32f4xx_hal_i2c.o
 *fill*         0x08001ec6        0x2 
 .text.HAL_I2C_Init
                0x08001ec8       0xdc Drivers\STM32F4xx_HAL_Driver\Src\stm32f4xx_hal_i2c.o
                0x08001ec8                HAL_I2C_Init
 .text.HAL_I2C_Master_Transmit
                0x08001fa4      0x1ac Drivers\STM32F4xx_HAL_Driver\Src\stm32f4xx_hal_i2c.o
                0x08001fa4                HAL_I2C_Master_Transmit
 .text.HAL_RCC_OscConfig
                0x08002150      0x304 Drivers\STM32F4xx_HAL_Driver\Src\stm32f4xx_hal_rcc.o
                0x08002150                HAL_RCC_OscConfig
 .text.HAL_RCC_GetSysClockFreq
                0x08002454       0x5c Drivers\STM32F4xx_HAL_Driver\Src\stm32f4xx_hal_rcc.o
                0x08002454                HAL_RCC_GetSysClockFreq
 .text.HAL_RCC_ClockConfig
                0x080024b0      0x134 Drivers\STM32F4xx_HAL_Driver\Src\stm32f4xx_hal_rcc.o
                0x080024b0                HAL_RCC_ClockConfig
 .text.HAL_RCC_GetHCLKFreq
                0x080025e4        0xc Drivers\STM32F4xx_HAL_Driver\Src\stm32f4xx_hal_rcc.o
                0x080025e4                HAL_RCC_GetHCLKFreq
 .text.HAL_RCC_GetPCLK1Freq
                0x080025f0       0x20 Drivers\STM32F4xx_HAL_Driver\Src\stm32f4xx_hal_rcc.o
                0x080025f0                HAL_RCC_GetPCLK1Freq
 .text.SD_FindSCR
                0x08002610       0xca Drivers\STM32F4xx_HAL_Driver\Src\stm32f4xx_hal_sd.o
 .text.HAL_SD_ReadBlocks
                0x080026da      0x1be Drivers\STM32F4xx_HAL_Driver\Src\stm32f4xx_hal_sd.o
                0x080026da                HAL_SD_ReadBlocks
 .text.HAL_SD_WriteBlocks
                0x08002898      0x176 Drivers\STM32F4xx_HAL_Driver\Src\stm32f4xx_hal_sd.o
                0x08002898                HAL_SD_WriteBlocks
 .text.HAL_SD_ErrorCallback
                0x08002a0e        0x2 Drivers\STM32F4xx_HAL_Driver\Src\stm32f4xx_hal_sd.o
                0x08002a0e                HAL_SD_ErrorCallback
 .text.HAL_SD_GetCardCSD
                0x08002a10      0x1be Drivers\STM32F4xx_HAL_Driver\Src\stm32f4xx_hal_sd.o
                0x08002a10                HAL_SD_GetCardCSD
 *fill*         0x08002bce        0x2 
 .text.HAL_SD_InitCard
                0x08002bd0      0x1dc Drivers\STM32F4xx_HAL_Driver\Src\stm32f4xx_hal_sd.o
                0x08002bd0                HAL_SD_InitCard
 .text.HAL_SD_Init
                0x08002dac       0x34 Drivers\STM32F4xx_HAL_Driver\Src\stm32f4xx_hal_sd.o
                0x08002dac                HAL_SD_Init
 .text.HAL_SD_GetCardInfo
                0x08002de0       0x24 Drivers\STM32F4xx_HAL_Driver\Src\stm32f4xx_hal_sd.o
                0x08002de0                HAL_SD_GetCardInfo
 .text.HAL_SD_ConfigWideBusOperation
                0x08002e04      0x108 Drivers\STM32F4xx_HAL_Driver\Src\stm32f4xx_hal_sd.o
                0x08002e04                HAL_SD_ConfigWideBusOperation
 .text.HAL_SD_GetCardState
                0x08002f0c       0x28 Drivers\STM32F4xx_HAL_Driver\Src\stm32f4xx_hal_sd.o
                0x08002f0c                HAL_SD_GetCardState
 .text.SD_DMATxAbort
                0x08002f34       0x44 Drivers\STM32F4xx_HAL_Driver\Src\stm32f4xx_hal_sd.o
 .text.SD_DMARxAbort
                0x08002f78       0x44 Drivers\STM32F4xx_HAL_Driver\Src\stm32f4xx_hal_sd.o
 .text.HAL_SD_IRQHandler
                0x08002fbc      0x1c0 Drivers\STM32F4xx_HAL_Driver\Src\stm32f4xx_hal_sd.o
                0x08002fbc                HAL_SD_IRQHandler
 .text.HAL_SRAM_Init
                0x0800317c       0x54 Drivers\STM32F4xx_HAL_Driver\Src\stm32f4xx_hal_sram.o
                0x0800317c                HAL_SRAM_Init
 .text.HAL_TIM_Base_Start_IT
                0x080031d0       0x16 Drivers\STM32F4xx_HAL_Driver\Src\stm32f4xx_hal_tim.o
                0x080031d0                HAL_TIM_Base_Start_IT
 .text.HAL_TIM_ConfigClockSource
                0x080031e6      0x172 Drivers\STM32F4xx_HAL_Driver\Src\stm32f4xx_hal_tim.o
                0x080031e6                HAL_TIM_ConfigClockSource
 .text.HAL_TIM_OC_DelayElapsedCallback
                0x08003358        0x2 Drivers\STM32F4xx_HAL_Driver\Src\stm32f4xx_hal_tim.o
                0x08003358                HAL_TIM_OC_DelayElapsedCallback
 .text.HAL_TIM_IC_CaptureCallback
                0x0800335a        0x2 Drivers\STM32F4xx_HAL_Driver\Src\stm32f4xx_hal_tim.o
                0x0800335a                HAL_TIM_IC_CaptureCallback
 .text.HAL_TIM_PWM_PulseFinishedCallback
                0x0800335c        0x2 Drivers\STM32F4xx_HAL_Driver\Src\stm32f4xx_hal_tim.o
                0x0800335c                HAL_TIM_PWM_PulseFinishedCallback
 .text.HAL_TIM_TriggerCallback
                0x0800335e        0x2 Drivers\STM32F4xx_HAL_Driver\Src\stm32f4xx_hal_tim.o
                0x0800335e                HAL_TIM_TriggerCallback
 .text.HAL_TIM_IRQHandler
                0x08003360      0x144 Drivers\STM32F4xx_HAL_Driver\Src\stm32f4xx_hal_tim.o
                0x08003360                HAL_TIM_IRQHandler
 .text.TIM_Base_SetConfig
                0x080034a4       0xc8 Drivers\STM32F4xx_HAL_Driver\Src\stm32f4xx_hal_tim.o
                0x080034a4                TIM_Base_SetConfig
 .text.HAL_TIM_Base_Init
                0x0800356c       0x34 Drivers\STM32F4xx_HAL_Driver\Src\stm32f4xx_hal_tim.o
                0x0800356c                HAL_TIM_Base_Init
 .text.HAL_TIMEx_MasterConfigSynchronization
                0x080035a0       0x44 Drivers\STM32F4xx_HAL_Driver\Src\stm32f4xx_hal_tim_ex.o
                0x080035a0                HAL_TIMEx_MasterConfigSynchronization
 .text.HAL_TIMEx_CommutationCallback
                0x080035e4        0x2 Drivers\STM32F4xx_HAL_Driver\Src\stm32f4xx_hal_tim_ex.o
                0x080035e4                HAL_TIMEx_CommutationCallback
 .text.HAL_TIMEx_BreakCallback
                0x080035e6        0x2 Drivers\STM32F4xx_HAL_Driver\Src\stm32f4xx_hal_tim_ex.o
                0x080035e6                HAL_TIMEx_BreakCallback
 .text.FSMC_NORSRAM_Init
                0x080035e8       0x58 Drivers\STM32F4xx_HAL_Driver\Src\stm32f4xx_ll_fsmc.o
                0x080035e8                FSMC_NORSRAM_Init
 .text.FSMC_NORSRAM_Timing_Init
                0x08003640       0x3c Drivers\STM32F4xx_HAL_Driver\Src\stm32f4xx_ll_fsmc.o
                0x08003640                FSMC_NORSRAM_Timing_Init
 .text.FSMC_NORSRAM_Extended_Timing_Init
                0x0800367c       0x3c Drivers\STM32F4xx_HAL_Driver\Src\stm32f4xx_ll_fsmc.o
                0x0800367c                FSMC_NORSRAM_Extended_Timing_Init
 .text.SDMMC_GetCmdResp2
                0x080036b8       0x4c Drivers\STM32F4xx_HAL_Driver\Src\stm32f4xx_ll_sdmmc.o
 .text.SDMMC_GetCmdResp3
                0x08003704       0x40 Drivers\STM32F4xx_HAL_Driver\Src\stm32f4xx_ll_sdmmc.o
 .text.SDIO_Init
                0x08003744       0x38 Drivers\STM32F4xx_HAL_Driver\Src\stm32f4xx_ll_sdmmc.o
                0x08003744                SDIO_Init
 .text.SDIO_ReadFIFO
                0x0800377c        0x6 Drivers\STM32F4xx_HAL_Driver\Src\stm32f4xx_ll_sdmmc.o
                0x0800377c                SDIO_ReadFIFO
 .text.SDIO_WriteFIFO
                0x08003782        0xa Drivers\STM32F4xx_HAL_Driver\Src\stm32f4xx_ll_sdmmc.o
                0x08003782                SDIO_WriteFIFO
 .text.SDIO_PowerState_ON
                0x0800378c        0x8 Drivers\STM32F4xx_HAL_Driver\Src\stm32f4xx_ll_sdmmc.o
                0x0800378c                SDIO_PowerState_ON
 .text.SDIO_GetPowerState
                0x08003794        0x8 Drivers\STM32F4xx_HAL_Driver\Src\stm32f4xx_ll_sdmmc.o
                0x08003794                SDIO_GetPowerState
 .text.SDIO_SendCommand
                0x0800379c       0x26 Drivers\STM32F4xx_HAL_Driver\Src\stm32f4xx_ll_sdmmc.o
                0x0800379c                SDIO_SendCommand
 .text.SDIO_GetResponse
                0x080037c2       0x14 Drivers\STM32F4xx_HAL_Driver\Src\stm32f4xx_ll_sdmmc.o
                0x080037c2                SDIO_GetResponse
 *fill*         0x080037d6        0x2 
 .text.SDMMC_GetCmdResp1
                0x080037d8      0x120 Drivers\STM32F4xx_HAL_Driver\Src\stm32f4xx_ll_sdmmc.o
 .text.SDIO_ConfigData
                0x080038f8       0x26 Drivers\STM32F4xx_HAL_Driver\Src\stm32f4xx_ll_sdmmc.o
                0x080038f8                SDIO_ConfigData
 .text.SDMMC_CmdBlockLength
                0x0800391e       0x30 Drivers\STM32F4xx_HAL_Driver\Src\stm32f4xx_ll_sdmmc.o
                0x0800391e                SDMMC_CmdBlockLength
 .text.SDMMC_CmdReadSingleBlock
                0x0800394e       0x30 Drivers\STM32F4xx_HAL_Driver\Src\stm32f4xx_ll_sdmmc.o
                0x0800394e                SDMMC_CmdReadSingleBlock
 .text.SDMMC_CmdReadMultiBlock
                0x0800397e       0x30 Drivers\STM32F4xx_HAL_Driver\Src\stm32f4xx_ll_sdmmc.o
                0x0800397e                SDMMC_CmdReadMultiBlock
 .text.SDMMC_CmdWriteSingleBlock
                0x080039ae       0x30 Drivers\STM32F4xx_HAL_Driver\Src\stm32f4xx_ll_sdmmc.o
                0x080039ae                SDMMC_CmdWriteSingleBlock
 .text.SDMMC_CmdWriteMultiBlock
                0x080039de       0x30 Drivers\STM32F4xx_HAL_Driver\Src\stm32f4xx_ll_sdmmc.o
                0x080039de                SDMMC_CmdWriteMultiBlock
 *fill*         0x08003a0e        0x2 
 .text.SDMMC_CmdStopTransfer
                0x08003a10       0x34 Drivers\STM32F4xx_HAL_Driver\Src\stm32f4xx_ll_sdmmc.o
                0x08003a10                SDMMC_CmdStopTransfer
 .text.SDMMC_CmdSelDesel
                0x08003a44       0x30 Drivers\STM32F4xx_HAL_Driver\Src\stm32f4xx_ll_sdmmc.o
                0x08003a44                SDMMC_CmdSelDesel
 .text.SDMMC_CmdGoIdleState
                0x08003a74       0x50 Drivers\STM32F4xx_HAL_Driver\Src\stm32f4xx_ll_sdmmc.o
                0x08003a74                SDMMC_CmdGoIdleState
 .text.SDMMC_CmdOperCond
                0x08003ac4       0x70 Drivers\STM32F4xx_HAL_Driver\Src\stm32f4xx_ll_sdmmc.o
                0x08003ac4                SDMMC_CmdOperCond
 .text.SDMMC_CmdAppCommand
                0x08003b34       0x30 Drivers\STM32F4xx_HAL_Driver\Src\stm32f4xx_ll_sdmmc.o
                0x08003b34                SDMMC_CmdAppCommand
 .text.SDMMC_CmdAppOperCommand
                0x08003b64       0x32 Drivers\STM32F4xx_HAL_Driver\Src\stm32f4xx_ll_sdmmc.o
                0x08003b64                SDMMC_CmdAppOperCommand
 .text.SDMMC_CmdSendSCR
                0x08003b96       0x30 Drivers\STM32F4xx_HAL_Driver\Src\stm32f4xx_ll_sdmmc.o
                0x08003b96                SDMMC_CmdSendSCR
 .text.SDMMC_CmdSendCID
                0x08003bc6       0x2a Drivers\STM32F4xx_HAL_Driver\Src\stm32f4xx_ll_sdmmc.o
                0x08003bc6                SDMMC_CmdSendCID
 .text.SDMMC_CmdSendCSD
                0x08003bf0       0x2a Drivers\STM32F4xx_HAL_Driver\Src\stm32f4xx_ll_sdmmc.o
                0x08003bf0                SDMMC_CmdSendCSD
 *fill*         0x08003c1a        0x2 
 .text.SDMMC_CmdSetRelAdd
                0x08003c1c       0xa8 Drivers\STM32F4xx_HAL_Driver\Src\stm32f4xx_ll_sdmmc.o
                0x08003c1c                SDMMC_CmdSetRelAdd
 .text.SDMMC_CmdSendStatus
                0x08003cc4       0x30 Drivers\STM32F4xx_HAL_Driver\Src\stm32f4xx_ll_sdmmc.o
                0x08003cc4                SDMMC_CmdSendStatus
 .text.SDMMC_CmdSwitch
                0x08003cf4       0x30 Drivers\STM32F4xx_HAL_Driver\Src\stm32f4xx_ll_sdmmc.o
                0x08003cf4                SDMMC_CmdSwitch
 .text.SDMMC_CmdBusWidth
                0x08003d24        0x4 Drivers\STM32F4xx_HAL_Driver\Src\stm32f4xx_ll_sdmmc.o
                0x08003d24                SDMMC_CmdBusWidth
 .text.disk_status
                0x08003d28       0x14 Middlewares\Third_Party\FatFs\src\diskio.o
                0x08003d28                disk_status
 .text.disk_initialize
                0x08003d3c       0x20 Middlewares\Third_Party\FatFs\src\diskio.o
                0x08003d3c                disk_initialize
 .text.disk_read
                0x08003d5c       0x1c Middlewares\Third_Party\FatFs\src\diskio.o
                0x08003d5c                disk_read
 .text.disk_write
                0x08003d78       0x1c Middlewares\Third_Party\FatFs\src\diskio.o
                0x08003d78                disk_write
 .text.disk_ioctl
                0x08003d94       0x1c Middlewares\Third_Party\FatFs\src\diskio.o
                0x08003d94                disk_ioctl
 .text.ld_dword
                0x08003db0       0x10 Middlewares\Third_Party\FatFs\src\ff.o
 .text.st_dword
                0x08003dc0       0x10 Middlewares\Third_Party\FatFs\src\ff.o
 .text.mem_set  0x08003dd0        0xc Middlewares\Third_Party\FatFs\src\ff.o
 .text.chk_lock
                0x08003ddc       0x5c Middlewares\Third_Party\FatFs\src\ff.o
 .text.inc_lock
                0x08003e38       0x78 Middlewares\Third_Party\FatFs\src\ff.o
 .text.dec_lock
                0x08003eb0       0x30 Middlewares\Third_Party\FatFs\src\ff.o
 .text.clust2sect
                0x08003ee0       0x16 Middlewares\Third_Party\FatFs\src\ff.o
 .text.clmt_clust
                0x08003ef6       0x22 Middlewares\Third_Party\FatFs\src\ff.o
 .text.get_ldnumber
                0x08003f18       0x30 Middlewares\Third_Party\FatFs\src\ff.o
 .text.validate
                0x08003f48       0x36 Middlewares\Third_Party\FatFs\src\ff.o
 .text.mem_cpy.part.0
                0x08003f7e       0x12 Middlewares\Third_Party\FatFs\src\ff.o
 .text.ld_clust.isra.1
                0x08003f90       0x1c Middlewares\Third_Party\FatFs\src\ff.o
 .text.st_clust.isra.2
                0x08003fac       0x18 Middlewares\Third_Party\FatFs\src\ff.o
 .text.sync_window.part.4
                0x08003fc4       0x46 Middlewares\Third_Party\FatFs\src\ff.o
 .text.sync_window
                0x0800400a        0xc Middlewares\Third_Party\FatFs\src\ff.o
 .text.sync_fs  0x08004016       0x96 Middlewares\Third_Party\FatFs\src\ff.o
 .text.move_window
                0x080040ac       0x36 Middlewares\Third_Party\FatFs\src\ff.o
 *fill*         0x080040e2        0x2 
 .text.check_fs
                0x080040e4       0x80 Middlewares\Third_Party\FatFs\src\ff.o
 .text.find_volume
                0x08004164      0x2bc Middlewares\Third_Party\FatFs\src\ff.o
 .text.put_fat  0x08004420       0xf8 Middlewares\Third_Party\FatFs\src\ff.o
 .text.get_fat.isra.8
                0x08004518       0xb4 Middlewares\Third_Party\FatFs\src\ff.o
 .text.create_chain
                0x080045cc       0xb0 Middlewares\Third_Party\FatFs\src\ff.o
 .text.remove_chain
                0x0800467c       0x6c Middlewares\Third_Party\FatFs\src\ff.o
 .text.dir_sdi.constprop.11
                0x080046e8       0x66 Middlewares\Third_Party\FatFs\src\ff.o
 .text.dir_next
                0x0800474e       0xf2 Middlewares\Third_Party\FatFs\src\ff.o
 .text.follow_path
                0x08004840      0x188 Middlewares\Third_Party\FatFs\src\ff.o
 .text.dir_register
                0x080049c8       0x62 Middlewares\Third_Party\FatFs\src\ff.o
 *fill*         0x08004a2a        0x2 
 .text.f_mount  0x08004a2c       0x68 Middlewares\Third_Party\FatFs\src\ff.o
                0x08004a2c                f_mount
 .text.f_open   0x08004a94      0x224 Middlewares\Third_Party\FatFs\src\ff.o
                0x08004a94                f_open
 .text.f_write  0x08004cb8      0x18a Middlewares\Third_Party\FatFs\src\ff.o
                0x08004cb8                f_write
 .text.putc_bfd
                0x08004e42       0x44 Middlewares\Third_Party\FatFs\src\ff.o
 .text.putc_flush
                0x08004e86       0x2e Middlewares\Third_Party\FatFs\src\ff.o
 .text.f_sync   0x08004eb4       0x90 Middlewares\Third_Party\FatFs\src\ff.o
                0x08004eb4                f_sync
 .text.f_close  0x08004f44       0x22 Middlewares\Third_Party\FatFs\src\ff.o
                0x08004f44                f_close
 .text.f_puts   0x08004f66       0x24 Middlewares\Third_Party\FatFs\src\ff.o
                0x08004f66                f_puts
 *fill*         0x08004f8a        0x2 
 .text.FATFS_LinkDriverEx
                0x08004f8c       0x44 Middlewares\Third_Party\FatFs\src\ff_gen_drv.o
                0x08004f8c                FATFS_LinkDriverEx
 .text.FATFS_LinkDriver
                0x08004fd0        0x6 Middlewares\Third_Party\FatFs\src\ff_gen_drv.o
                0x08004fd0                FATFS_LinkDriver
 *fill*         0x08004fd6        0x2 
 .text.ILI9341_SetCursorPosition
                0x08004fd8       0x3c Src\MA_ILI9341.o
                0x08004fd8                ILI9341_SetCursorPosition
 .text.ILI9341_Init
                0x08005014       0xb4 Src\MA_ILI9341.o
                0x08005014                ILI9341_Init
 .text.ILI9341_DrawPixel
                0x080050c8       0x1c Src\MA_ILI9341.o
                0x080050c8                ILI9341_DrawPixel
 .text.ILI9341_Fill
                0x080050e4       0x48 Src\MA_ILI9341.o
                0x080050e4                ILI9341_Fill
 .text.ILI9341_Fill_Rect
                0x0800512c       0x3c Src\MA_ILI9341.o
                0x0800512c                ILI9341_Fill_Rect
 .text.ILI9341_drawChar
                0x08005168       0xcc Src\MA_ILI9341.o
                0x08005168                ILI9341_drawChar
 .text.ILI9341_printText
                0x08005234       0x44 Src\MA_ILI9341.o
                0x08005234                ILI9341_printText
 .text.ILI9341_setRotation
                0x08005278       0x54 Src\MA_ILI9341.o
                0x08005278                ILI9341_setRotation
 .text.MX_ADC1_Init
                0x080052cc       0x7c Src\adc.o
                0x080052cc                MX_ADC1_Init
 .text.HAL_ADC_MspInit
                0x08005348       0x8c Src\adc.o
                0x08005348                HAL_ADC_MspInit
 .text.BSP_SD_Init
                0x080053d4       0x34 Src\bsp_driver_sd.o
                0x080053d4                BSP_SD_Init
 .text.BSP_SD_ReadBlocks
                0x08005408       0x20 Src\bsp_driver_sd.o
                0x08005408                BSP_SD_ReadBlocks
 .text.BSP_SD_WriteBlocks
                0x08005428       0x20 Src\bsp_driver_sd.o
                0x08005428                BSP_SD_WriteBlocks
 .text.BSP_SD_GetCardState
                0x08005448       0x14 Src\bsp_driver_sd.o
                0x08005448                BSP_SD_GetCardState
 .text.BSP_SD_GetCardInfo
                0x0800545c        0xc Src\bsp_driver_sd.o
                0x0800545c                BSP_SD_GetCardInfo
 .text.BSP_SD_AbortCallback
                0x08005468        0x2 Src\bsp_driver_sd.o
                0x08005468                BSP_SD_AbortCallback
 .text.HAL_SD_AbortCallback
                0x0800546a        0x8 Src\bsp_driver_sd.o
                0x0800546a                HAL_SD_AbortCallback
 .text.BSP_SD_WriteCpltCallback
                0x08005472        0x2 Src\bsp_driver_sd.o
                0x08005472                BSP_SD_WriteCpltCallback
 .text.HAL_SD_TxCpltCallback
                0x08005474        0x8 Src\bsp_driver_sd.o
                0x08005474                HAL_SD_TxCpltCallback
 .text.BSP_SD_ReadCpltCallback
                0x0800547c        0x2 Src\bsp_driver_sd.o
                0x0800547c                BSP_SD_ReadCpltCallback
 .text.HAL_SD_RxCpltCallback
                0x0800547e        0x8 Src\bsp_driver_sd.o
                0x0800547e                HAL_SD_RxCpltCallback
 *fill*         0x08005486        0x2 
 .text.MX_DAC_Init
                0x08005488       0x44 Src\dac.o
                0x08005488                MX_DAC_Init
 .text.HAL_DAC_MspInit
                0x080054cc       0xa4 Src\dac.o
                0x080054cc                HAL_DAC_MspInit
 .text.MX_DMA_Init
                0x08005570       0x78 Src\dma.o
                0x08005570                MX_DMA_Init
 .text.MX_FATFS_Init
                0x080055e8       0x1c Src\fatfs.o
                0x080055e8                MX_FATFS_Init
 .text.get_fattime
                0x08005604        0x4 Src\fatfs.o
                0x08005604                get_fattime
 .text.MX_FSMC_Init
                0x08005608       0x68 Src\fsmc.o
                0x08005608                MX_FSMC_Init
 .text.HAL_SRAM_MspInit
                0x08005670       0x6c Src\fsmc.o
                0x08005670                HAL_SRAM_MspInit
 .text.MX_GPIO_Init
                0x080056dc      0x108 Src\gpio.o
                0x080056dc                MX_GPIO_Init
 .text.MX_I2C1_Init
                0x080057e4       0x48 Src\i2c.o
                0x080057e4                MX_I2C1_Init
 .text.HAL_I2C_MspInit
                0x0800582c       0x54 Src\i2c.o
                0x0800582c                HAL_I2C_MspInit
 .text.SystemClock_Config
                0x08005880       0xac Src\main.o
                0x08005880                SystemClock_Config
 .text.HAL_TIM_PeriodElapsedCallback
                0x0800592c       0x18 Src\main.o
                0x0800592c                HAL_TIM_PeriodElapsedCallback
 *fill*         0x08005944        0x4 
 .text.create_sine
                0x08005948       0xd4 Src\main.o
                0x08005948                create_sine
 .text.clear_ui
                0x08005a1c        0xe Src\main.o
                0x08005a1c                clear_ui
 *fill*         0x08005a2a        0x2 
 .text.start_ui
                0x08005a2c       0x50 Src\main.o
                0x08005a2c                start_ui
 .text.frequency_ui
                0x08005a7c      0x134 Src\main.o
                0x08005a7c                frequency_ui
 .text.amplify_ui
                0x08005bb0      0x11c Src\main.o
                0x08005bb0                amplify_ui
 .text.sweep_ui
                0x08005ccc       0x5c Src\main.o
                0x08005ccc                sweep_ui
 .text.measure_ui
                0x08005d28      0x218 Src\main.o
                0x08005d28                measure_ui
 .text.call_ui  0x08005f40       0x38 Src\main.o
                0x08005f40                call_ui
 .text.HAL_ADC_ConvCpltCallback
                0x08005f78      0xe18 Src\main.o
                0x08005f78                HAL_ADC_ConvCpltCallback
 .text.startup.main
                0x08006d90      0x160 Src\main.o
                0x08006d90                main
 .text.debounce
                0x08006ef0       0x20 Src\main.o
                0x08006ef0                debounce
 .text.HAL_GPIO_EXTI_Callback
                0x08006f10      0x680 Src\main.o
                0x08006f10                HAL_GPIO_EXTI_Callback
 .text._Error_Handler
                0x08007590        0x2 Src\main.o
                0x08007590                _Error_Handler
 *fill*         0x08007592        0x2 
 .text.SD_CheckStatus.isra.0
                0x08007594       0x20 Src\sd_diskio.o
 .text.SD_initialize
                0x080075b4       0x1c Src\sd_diskio.o
                0x080075b4                SD_initialize
 .text.SD_status
                0x080075d0        0x4 Src\sd_diskio.o
                0x080075d0                SD_status
 .text.SD_read  0x080075d4       0x20 Src\sd_diskio.o
                0x080075d4                SD_read
 .text.SD_ioctl
                0x080075f4       0x50 Src\sd_diskio.o
                0x080075f4                SD_ioctl
 .text.SD_write
                0x08007644       0x20 Src\sd_diskio.o
                0x08007644                SD_write
 .text.MX_SDIO_SD_Init
                0x08007664       0x20 Src\sdio.o
                0x08007664                MX_SDIO_SD_Init
 .text.HAL_SD_MspInit
                0x08007684      0x140 Src\sdio.o
                0x08007684                HAL_SD_MspInit
 .text.HAL_MspInit
                0x080077c4       0x90 Src\stm32f4xx_hal_msp.o
                0x080077c4                HAL_MspInit
 .text.NMI_Handler
                0x08007854        0x2 Src\stm32f4xx_it.o
                0x08007854                NMI_Handler
 .text.HardFault_Handler
                0x08007856        0x2 Src\stm32f4xx_it.o
                0x08007856                HardFault_Handler
 .text.MemManage_Handler
                0x08007858        0x2 Src\stm32f4xx_it.o
                0x08007858                MemManage_Handler
 .text.BusFault_Handler
                0x0800785a        0x2 Src\stm32f4xx_it.o
                0x0800785a                BusFault_Handler
 .text.UsageFault_Handler
                0x0800785c        0x2 Src\stm32f4xx_it.o
                0x0800785c                UsageFault_Handler
 .text.SVC_Handler
                0x0800785e        0x2 Src\stm32f4xx_it.o
                0x0800785e                SVC_Handler
 .text.DebugMon_Handler
                0x08007860        0x2 Src\stm32f4xx_it.o
                0x08007860                DebugMon_Handler
 .text.PendSV_Handler
                0x08007862        0x2 Src\stm32f4xx_it.o
                0x08007862                PendSV_Handler
 .text.SysTick_Handler
                0x08007864        0xe Src\stm32f4xx_it.o
                0x08007864                SysTick_Handler
 .text.EXTI0_IRQHandler
                0x08007872        0x6 Src\stm32f4xx_it.o
                0x08007872                EXTI0_IRQHandler
 .text.EXTI1_IRQHandler
                0x08007878        0x6 Src\stm32f4xx_it.o
                0x08007878                EXTI1_IRQHandler
 .text.EXTI2_IRQHandler
                0x0800787e        0x6 Src\stm32f4xx_it.o
                0x0800787e                EXTI2_IRQHandler
 .text.EXTI3_IRQHandler
                0x08007884        0x6 Src\stm32f4xx_it.o
                0x08007884                EXTI3_IRQHandler
 *fill*         0x0800788a        0x2 
 .text.DMA1_Stream5_IRQHandler
                0x0800788c        0xc Src\stm32f4xx_it.o
                0x0800788c                DMA1_Stream5_IRQHandler
 .text.EXTI9_5_IRQHandler
                0x08007898        0x6 Src\stm32f4xx_it.o
                0x08007898                EXTI9_5_IRQHandler
 *fill*         0x0800789e        0x2 
 .text.TIM1_UP_TIM10_IRQHandler
                0x080078a0        0xc Src\stm32f4xx_it.o
                0x080078a0                TIM1_UP_TIM10_IRQHandler
 .text.SDIO_IRQHandler
                0x080078ac        0xc Src\stm32f4xx_it.o
                0x080078ac                SDIO_IRQHandler
 .text.TIM6_DAC_IRQHandler
                0x080078b8        0xc Src\stm32f4xx_it.o
                0x080078b8                TIM6_DAC_IRQHandler
 .text.DMA2_Stream0_IRQHandler
                0x080078c4        0xc Src\stm32f4xx_it.o
                0x080078c4                DMA2_Stream0_IRQHandler
 .text.DMA2_Stream3_IRQHandler
                0x080078d0        0xc Src\stm32f4xx_it.o
                0x080078d0                DMA2_Stream3_IRQHandler
 .text.DMA2_Stream6_IRQHandler
                0x080078dc        0xc Src\stm32f4xx_it.o
                0x080078dc                DMA2_Stream6_IRQHandler
 .text.SystemInit
                0x080078e8       0x4c Src\system_stm32f4xx.o
                0x080078e8                SystemInit
 .text.MX_TIM1_Init
                0x08007934       0x6c Src\tim.o
                0x08007934                MX_TIM1_Init
 .text.MX_TIM2_Init
                0x080079a0       0x64 Src\tim.o
                0x080079a0                MX_TIM2_Init
 .text.MX_TIM8_Init
                0x08007a04       0x68 Src\tim.o
                0x08007a04                MX_TIM8_Init
 .text.HAL_TIM_Base_MspInit
                0x08007a6c       0x84 Src\tim.o
                0x08007a6c                HAL_TIM_Base_MspInit
 .text.Reset_Handler
                0x08007af0       0x50 startup\startup_stm32f407xx.o
                0x08007af0                Reset_Handler
 .text.Default_Handler
                0x08007b40        0x2 startup\startup_stm32f407xx.o
                0x08007b40                RTC_Alarm_IRQHandler
                0x08007b40                HASH_RNG_IRQHandler
                0x08007b40                TIM8_CC_IRQHandler
                0x08007b40                TIM1_CC_IRQHandler
                0x08007b40                DMA2_Stream5_IRQHandler
                0x08007b40                PVD_IRQHandler
                0x08007b40                TAMP_STAMP_IRQHandler
                0x08007b40                CAN2_RX1_IRQHandler
                0x08007b40                TIM8_TRG_COM_TIM14_IRQHandler
                0x08007b40                TIM8_UP_TIM13_IRQHandler
                0x08007b40                I2C3_ER_IRQHandler
                0x08007b40                I2C2_EV_IRQHandler
                0x08007b40                DMA1_Stream2_IRQHandler
                0x08007b40                CAN1_RX0_IRQHandler
                0x08007b40                FPU_IRQHandler
                0x08007b40                OTG_HS_WKUP_IRQHandler
                0x08007b40                CAN2_SCE_IRQHandler
                0x08007b40                DMA2_Stream2_IRQHandler
                0x08007b40                SPI1_IRQHandler
                0x08007b40                TIM1_BRK_TIM9_IRQHandler
                0x08007b40                DCMI_IRQHandler
                0x08007b40                CAN2_RX0_IRQHandler
                0x08007b40                USART6_IRQHandler
                0x08007b40                USART3_IRQHandler
                0x08007b40                CAN1_RX1_IRQHandler
                0x08007b40                UART5_IRQHandler
                0x08007b40                TIM4_IRQHandler
                0x08007b40                I2C1_EV_IRQHandler
                0x08007b40                DMA1_Stream6_IRQHandler
                0x08007b40                DMA1_Stream1_IRQHandler
                0x08007b40                UART4_IRQHandler
                0x08007b40                TIM3_IRQHandler
                0x08007b40                RCC_IRQHandler
                0x08007b40                TIM8_BRK_TIM12_IRQHandler
                0x08007b40                Default_Handler
                0x08007b40                EXTI15_10_IRQHandler
                0x08007b40                ADC_IRQHandler
                0x08007b40                DMA1_Stream7_IRQHandler
                0x08007b40                TIM7_IRQHandler
                0x08007b40                CAN2_TX_IRQHandler
                0x08007b40                TIM5_IRQHandler
                0x08007b40                DMA2_Stream7_IRQHandler
                0x08007b40                I2C3_EV_IRQHandler
                0x08007b40                RTC_WKUP_IRQHandler
                0x08007b40                ETH_WKUP_IRQHandler
                0x08007b40                SPI2_IRQHandler
                0x08007b40                OTG_HS_EP1_IN_IRQHandler
                0x08007b40                DMA1_Stream0_IRQHandler
                0x08007b40                CAN1_TX_IRQHandler
                0x08007b40                EXTI4_IRQHandler
                0x08007b40                FSMC_IRQHandler
                0x08007b40                ETH_IRQHandler
                0x08007b40                OTG_HS_EP1_OUT_IRQHandler
                0x08007b40                WWDG_IRQHandler
                0x08007b40                TIM2_IRQHandler
                0x08007b40                OTG_FS_WKUP_IRQHandler
                0x08007b40                TIM1_TRG_COM_TIM11_IRQHandler
                0x08007b40                OTG_HS_IRQHandler
                0x08007b40                USART2_IRQHandler
                0x08007b40                I2C2_ER_IRQHandler
                0x08007b40                DMA2_Stream1_IRQHandler
                0x08007b40                CAN1_SCE_IRQHandler
                0x08007b40                FLASH_IRQHandler
                0x08007b40                DMA2_Stream4_IRQHandler
                0x08007b40                USART1_IRQHandler
                0x08007b40                OTG_FS_IRQHandler
                0x08007b40                SPI3_IRQHandler
                0x08007b40                DMA1_Stream4_IRQHandler
                0x08007b40                I2C1_ER_IRQHandler
                0x08007b40                DMA1_Stream3_IRQHandler
 *fill*         0x08007b42        0x2 
 .text.__libc_init_array
                0x08007b44       0x48 h:/truestudio for stm32 9.1.0/armtools/bin/../lib/gcc/arm-atollic-eabi/6.3.1/../../../../arm-atollic-eabi/lib/armv7e-m/fpu\libc.a(lib_a-init.o)
                0x08007b44                __libc_init_array
 .text.malloc   0x08007b8c       0x10 h:/truestudio for stm32 9.1.0/armtools/bin/../lib/gcc/arm-atollic-eabi/6.3.1/../../../../arm-atollic-eabi/lib/armv7e-m/fpu\libc.a(lib_a-malloc.o)
                0x08007b8c                malloc
 .text.free     0x08007b9c       0x10 h:/truestudio for stm32 9.1.0/armtools/bin/../lib/gcc/arm-atollic-eabi/6.3.1/../../../../arm-atollic-eabi/lib/armv7e-m/fpu\libc.a(lib_a-malloc.o)
                0x08007b9c                free
 .text._malloc_r
                0x08007bac      0x41c h:/truestudio for stm32 9.1.0/armtools/bin/../lib/gcc/arm-atollic-eabi/6.3.1/../../../../arm-atollic-eabi/lib/armv7e-m/fpu\libc.a(lib_a-mallocr.o)
                0x08007bac                _malloc_r
 .text.__malloc_lock
                0x08007fc8        0xc h:/truestudio for stm32 9.1.0/armtools/bin/../lib/gcc/arm-atollic-eabi/6.3.1/../../../../arm-atollic-eabi/lib/armv7e-m/fpu\libc.a(lib_a-mlock.o)
                0x08007fc8                __malloc_lock
 .text.__malloc_unlock
                0x08007fd4        0xc h:/truestudio for stm32 9.1.0/armtools/bin/../lib/gcc/arm-atollic-eabi/6.3.1/../../../../arm-atollic-eabi/lib/armv7e-m/fpu\libc.a(lib_a-mlock.o)
                0x08007fd4                __malloc_unlock
 .text._sbrk_r  0x08007fe0       0x20 h:/truestudio for stm32 9.1.0/armtools/bin/../lib/gcc/arm-atollic-eabi/6.3.1/../../../../arm-atollic-eabi/lib/armv7e-m/fpu\libc.a(lib_a-sbrkr.o)
                0x08007fe0                _sbrk_r
 .text.sprintf  0x08008000       0x48 h:/truestudio for stm32 9.1.0/armtools/bin/../lib/gcc/arm-atollic-eabi/6.3.1/../../../../arm-atollic-eabi/lib/armv7e-m/fpu\libc.a(lib_a-sprintf.o)
                0x08008000                sprintf
 .text.strcat   0x08008048       0x1e h:/truestudio for stm32 9.1.0/armtools/bin/../lib/gcc/arm-atollic-eabi/6.3.1/../../../../arm-atollic-eabi/lib/armv7e-m/fpu\libc.a(lib_a-strcat.o)
                0x08008048                strcat
 *fill*         0x08008066        0x2 
 .text._svfprintf_r
                0x08008068      0xfa8 h:/truestudio for stm32 9.1.0/armtools/bin/../lib/gcc/arm-atollic-eabi/6.3.1/../../../../arm-atollic-eabi/lib/armv7e-m/fpu\libc.a(lib_a-svfprintf.o)
                0x08008068                _svfprintf_r
 .text.quorem   0x08009010      0x118 h:/truestudio for stm32 9.1.0/armtools/bin/../lib/gcc/arm-atollic-eabi/6.3.1/../../../../arm-atollic-eabi/lib/armv7e-m/fpu\libc.a(lib_a-dtoa.o)
 .text._dtoa_r  0x08009128      0xb9c h:/truestudio for stm32 9.1.0/armtools/bin/../lib/gcc/arm-atollic-eabi/6.3.1/../../../../arm-atollic-eabi/lib/armv7e-m/fpu\libc.a(lib_a-dtoa.o)
                0x08009128                _dtoa_r
 .text._malloc_trim_r
                0x08009cc4       0xac h:/truestudio for stm32 9.1.0/armtools/bin/../lib/gcc/arm-atollic-eabi/6.3.1/../../../../arm-atollic-eabi/lib/armv7e-m/fpu\libc.a(lib_a-freer.o)
                0x08009cc4                _malloc_trim_r
 .text._free_r  0x08009d70      0x178 h:/truestudio for stm32 9.1.0/armtools/bin/../lib/gcc/arm-atollic-eabi/6.3.1/../../../../arm-atollic-eabi/lib/armv7e-m/fpu\libc.a(lib_a-freer.o)
                0x08009d70                _free_r
 .text._localeconv_r
                0x08009ee8       0x1c h:/truestudio for stm32 9.1.0/armtools/bin/../lib/gcc/arm-atollic-eabi/6.3.1/../../../../arm-atollic-eabi/lib/armv7e-m/fpu\libc.a(lib_a-localeconv.o)
                0x08009ee8                _localeconv_r
 .text.__retarget_lock_acquire_recursive
                0x08009f04        0x2 h:/truestudio for stm32 9.1.0/armtools/bin/../lib/gcc/arm-atollic-eabi/6.3.1/../../../../arm-atollic-eabi/lib/armv7e-m/fpu\libc.a(lib_a-lock.o)
                0x08009f04                __retarget_lock_acquire_recursive
 .text.__retarget_lock_release_recursive
                0x08009f06        0x2 h:/truestudio for stm32 9.1.0/armtools/bin/../lib/gcc/arm-atollic-eabi/6.3.1/../../../../arm-atollic-eabi/lib/armv7e-m/fpu\libc.a(lib_a-lock.o)
                0x08009f06                __retarget_lock_release_recursive
 .text.memcpy   0x08009f08       0x16 h:/truestudio for stm32 9.1.0/armtools/bin/../lib/gcc/arm-atollic-eabi/6.3.1/../../../../arm-atollic-eabi/lib/armv7e-m/fpu\libc.a(lib_a-memcpy-stub.o)
                0x08009f08                memcpy
 .text._Balloc  0x08009f1e       0x68 h:/truestudio for stm32 9.1.0/armtools/bin/../lib/gcc/arm-atollic-eabi/6.3.1/../../../../arm-atollic-eabi/lib/armv7e-m/fpu\libc.a(lib_a-mprec.o)
                0x08009f1e                _Balloc
 .text._Bfree   0x08009f86       0x2e h:/truestudio for stm32 9.1.0/armtools/bin/../lib/gcc/arm-atollic-eabi/6.3.1/../../../../arm-atollic-eabi/lib/armv7e-m/fpu\libc.a(lib_a-mprec.o)
                0x08009f86                _Bfree
 .text.__multadd
                0x08009fb4       0x76 h:/truestudio for stm32 9.1.0/armtools/bin/../lib/gcc/arm-atollic-eabi/6.3.1/../../../../arm-atollic-eabi/lib/armv7e-m/fpu\libc.a(lib_a-mprec.o)
                0x08009fb4                __multadd
 .text.__hi0bits
                0x0800a02a       0x3e h:/truestudio for stm32 9.1.0/armtools/bin/../lib/gcc/arm-atollic-eabi/6.3.1/../../../../arm-atollic-eabi/lib/armv7e-m/fpu\libc.a(lib_a-mprec.o)
                0x0800a02a                __hi0bits
 .text.__lo0bits
                0x0800a068       0x5e h:/truestudio for stm32 9.1.0/armtools/bin/../lib/gcc/arm-atollic-eabi/6.3.1/../../../../arm-atollic-eabi/lib/armv7e-m/fpu\libc.a(lib_a-mprec.o)
                0x0800a068                __lo0bits
 .text.__i2b    0x0800a0c6       0x12 h:/truestudio for stm32 9.1.0/armtools/bin/../lib/gcc/arm-atollic-eabi/6.3.1/../../../../arm-atollic-eabi/lib/armv7e-m/fpu\libc.a(lib_a-mprec.o)
                0x0800a0c6                __i2b
 .text.__multiply
                0x0800a0d8      0x11a h:/truestudio for stm32 9.1.0/armtools/bin/../lib/gcc/arm-atollic-eabi/6.3.1/../../../../arm-atollic-eabi/lib/armv7e-m/fpu\libc.a(lib_a-mprec.o)
                0x0800a0d8                __multiply
 *fill*         0x0800a1f2        0x2 
 .text.__pow5mult
                0x0800a1f4       0x9c h:/truestudio for stm32 9.1.0/armtools/bin/../lib/gcc/arm-atollic-eabi/6.3.1/../../../../arm-atollic-eabi/lib/armv7e-m/fpu\libc.a(lib_a-mprec.o)
                0x0800a1f4                __pow5mult
 .text.__lshift
                0x0800a290       0xa2 h:/truestudio for stm32 9.1.0/armtools/bin/../lib/gcc/arm-atollic-eabi/6.3.1/../../../../arm-atollic-eabi/lib/armv7e-m/fpu\libc.a(lib_a-mprec.o)
                0x0800a290                __lshift
 .text.__mcmp   0x0800a332       0x34 h:/truestudio for stm32 9.1.0/armtools/bin/../lib/gcc/arm-atollic-eabi/6.3.1/../../../../arm-atollic-eabi/lib/armv7e-m/fpu\libc.a(lib_a-mprec.o)
                0x0800a332                __mcmp
 .text.__mdiff  0x0800a366       0xbc h:/truestudio for stm32 9.1.0/armtools/bin/../lib/gcc/arm-atollic-eabi/6.3.1/../../../../arm-atollic-eabi/lib/armv7e-m/fpu\libc.a(lib_a-mprec.o)
                0x0800a366                __mdiff
 .text.__d2b    0x0800a422       0x9e h:/truestudio for stm32 9.1.0/armtools/bin/../lib/gcc/arm-atollic-eabi/6.3.1/../../../../arm-atollic-eabi/lib/armv7e-m/fpu\libc.a(lib_a-mprec.o)
                0x0800a422                __d2b
 .text.__ssprint_r
                0x0800a4c0       0xf4 h:/truestudio for stm32 9.1.0/armtools/bin/../lib/gcc/arm-atollic-eabi/6.3.1/../../../../arm-atollic-eabi/lib/armv7e-m/fpu\libc.a(lib_a-svfiprintf.o)
                0x0800a4c0                __ssprint_r
 .text._calloc_r
                0x0800a5b4       0x5a h:/truestudio for stm32 9.1.0/armtools/bin/../lib/gcc/arm-atollic-eabi/6.3.1/../../../../arm-atollic-eabi/lib/armv7e-m/fpu\libc.a(lib_a-callocr.o)
                0x0800a5b4                _calloc_r
 .text.__ascii_mbtowc
                0x0800a60e       0x24 h:/truestudio for stm32 9.1.0/armtools/bin/../lib/gcc/arm-atollic-eabi/6.3.1/../../../../arm-atollic-eabi/lib/armv7e-m/fpu\libc.a(lib_a-mbtowc_r.o)
                0x0800a60e                __ascii_mbtowc
 .text.memmove  0x0800a632       0x34 h:/truestudio for stm32 9.1.0/armtools/bin/../lib/gcc/arm-atollic-eabi/6.3.1/../../../../arm-atollic-eabi/lib/armv7e-m/fpu\libc.a(lib_a-memmove.o)
                0x0800a632                memmove
 .text.memset   0x0800a666       0x10 h:/truestudio for stm32 9.1.0/armtools/bin/../lib/gcc/arm-atollic-eabi/6.3.1/../../../../arm-atollic-eabi/lib/armv7e-m/fpu\libc.a(lib_a-memset.o)
                0x0800a666                memset
 *fill*         0x0800a676        0x2 
 .text._realloc_r
                0x0800a678      0x300 h:/truestudio for stm32 9.1.0/armtools/bin/../lib/gcc/arm-atollic-eabi/6.3.1/../../../../arm-atollic-eabi/lib/armv7e-m/fpu\libc.a(lib_a-reallocr.o)
                0x0800a678                _realloc_r
 .text.__ascii_wctomb
                0x0800a978       0x1a h:/truestudio for stm32 9.1.0/armtools/bin/../lib/gcc/arm-atollic-eabi/6.3.1/../../../../arm-atollic-eabi/lib/armv7e-m/fpu\libc.a(lib_a-wctomb_r.o)
                0x0800a978                __ascii_wctomb
 *fill*         0x0800a992        0x6 
 .text.sin      0x0800a998       0x90 h:/truestudio for stm32 9.1.0/armtools/bin/../lib/gcc/arm-atollic-eabi/6.3.1/../../../../arm-atollic-eabi/lib/armv7e-m/fpu\libm.a(lib_a-s_sin.o)
                0x0800a998                sin
 .text.log10    0x0800aa28      0x100 h:/truestudio for stm32 9.1.0/armtools/bin/../lib/gcc/arm-atollic-eabi/6.3.1/../../../../arm-atollic-eabi/lib/armv7e-m/fpu\libm.a(lib_a-w_log10.o)
                0x0800aa28                log10
 .text.pow      0x0800ab28      0x2f0 h:/truestudio for stm32 9.1.0/armtools/bin/../lib/gcc/arm-atollic-eabi/6.3.1/../../../../arm-atollic-eabi/lib/armv7e-m/fpu\libm.a(lib_a-w_pow.o)
                0x0800ab28                pow
 .text.sqrt     0x0800ae18       0xb4 h:/truestudio for stm32 9.1.0/armtools/bin/../lib/gcc/arm-atollic-eabi/6.3.1/../../../../arm-atollic-eabi/lib/armv7e-m/fpu\libm.a(lib_a-w_sqrt.o)
                0x0800ae18                sqrt
 *fill*         0x0800aecc        0x4 
 .text.__ieee754_log10
                0x0800aed0      0x11c h:/truestudio for stm32 9.1.0/armtools/bin/../lib/gcc/arm-atollic-eabi/6.3.1/../../../../arm-atollic-eabi/lib/armv7e-m/fpu\libm.a(lib_a-e_log10.o)
                0x0800aed0                __ieee754_log10
 *fill*         0x0800afec        0x4 
 .text.__ieee754_pow
                0x0800aff0      0xa24 h:/truestudio for stm32 9.1.0/armtools/bin/../lib/gcc/arm-atollic-eabi/6.3.1/../../../../arm-atollic-eabi/lib/armv7e-m/fpu\libm.a(lib_a-e_pow.o)
                0x0800aff0                __ieee754_pow
 *fill*         0x0800ba14        0x4 
 .text.__ieee754_rem_pio2
                0x0800ba18      0x3e4 h:/truestudio for stm32 9.1.0/armtools/bin/../lib/gcc/arm-atollic-eabi/6.3.1/../../../../arm-atollic-eabi/lib/armv7e-m/fpu\libm.a(lib_a-e_rem_pio2.o)
                0x0800ba18                __ieee754_rem_pio2
 .text.__ieee754_sqrt
                0x0800bdfc      0x160 h:/truestudio for stm32 9.1.0/armtools/bin/../lib/gcc/arm-atollic-eabi/6.3.1/../../../../arm-atollic-eabi/lib/armv7e-m/fpu\libm.a(lib_a-e_sqrt.o)
                0x0800bdfc                __ieee754_sqrt
 *fill*         0x0800bf5c        0x4 
 .text.__kernel_cos
                0x0800bf60      0x1cc h:/truestudio for stm32 9.1.0/armtools/bin/../lib/gcc/arm-atollic-eabi/6.3.1/../../../../arm-atollic-eabi/lib/armv7e-m/fpu\libm.a(lib_a-k_cos.o)
                0x0800bf60                __kernel_cos
 *fill*         0x0800c12c        0x4 
 .text.__kernel_rem_pio2
                0x0800c130      0x69c h:/truestudio for stm32 9.1.0/armtools/bin/../lib/gcc/arm-atollic-eabi/6.3.1/../../../../arm-atollic-eabi/lib/armv7e-m/fpu\libm.a(lib_a-k_rem_pio2.o)
                0x0800c130                __kernel_rem_pio2
 *fill*         0x0800c7cc        0x4 
 .text.__kernel_sin
                0x0800c7d0      0x174 h:/truestudio for stm32 9.1.0/armtools/bin/../lib/gcc/arm-atollic-eabi/6.3.1/../../../../arm-atollic-eabi/lib/armv7e-m/fpu\libm.a(lib_a-k_sin.o)
                0x0800c7d0                __kernel_sin
 .text.fabs     0x0800c944        0xe h:/truestudio for stm32 9.1.0/armtools/bin/../lib/gcc/arm-atollic-eabi/6.3.1/../../../../arm-atollic-eabi/lib/armv7e-m/fpu\libm.a(lib_a-s_fabs.o)
                0x0800c944                fabs
 .text.finite   0x0800c952       0x10 h:/truestudio for stm32 9.1.0/armtools/bin/../lib/gcc/arm-atollic-eabi/6.3.1/../../../../arm-atollic-eabi/lib/armv7e-m/fpu\libm.a(lib_a-s_finite.o)
                0x0800c952                finite
 *fill*         0x0800c962        0x6 
 .text.floor    0x0800c968      0x108 h:/truestudio for stm32 9.1.0/armtools/bin/../lib/gcc/arm-atollic-eabi/6.3.1/../../../../arm-atollic-eabi/lib/armv7e-m/fpu\libm.a(lib_a-s_floor.o)
                0x0800c968                floor
 .text.matherr  0x0800ca70        0x4 h:/truestudio for stm32 9.1.0/armtools/bin/../lib/gcc/arm-atollic-eabi/6.3.1/../../../../arm-atollic-eabi/lib/armv7e-m/fpu\libm.a(lib_a-s_matherr.o)
                0x0800ca70                matherr
 *fill*         0x0800ca74        0x4 
 .text.nan      0x0800ca78       0x10 h:/truestudio for stm32 9.1.0/armtools/bin/../lib/gcc/arm-atollic-eabi/6.3.1/../../../../arm-atollic-eabi/lib/armv7e-m/fpu\libm.a(lib_a-s_nan.o)
                0x0800ca78                nan
 .text.rint     0x0800ca88      0x110 h:/truestudio for stm32 9.1.0/armtools/bin/../lib/gcc/arm-atollic-eabi/6.3.1/../../../../arm-atollic-eabi/lib/armv7e-m/fpu\libm.a(lib_a-s_rint.o)
                0x0800ca88                rint
 .text.scalbn   0x0800cb98       0xf4 h:/truestudio for stm32 9.1.0/armtools/bin/../lib/gcc/arm-atollic-eabi/6.3.1/../../../../arm-atollic-eabi/lib/armv7e-m/fpu\libm.a(lib_a-s_scalbn.o)
                0x0800cb98                scalbn
 *fill*         0x0800cc8c        0x4 
 .text.__ieee754_log
                0x0800cc90      0x3b0 h:/truestudio for stm32 9.1.0/armtools/bin/../lib/gcc/arm-atollic-eabi/6.3.1/../../../../arm-atollic-eabi/lib/armv7e-m/fpu\libm.a(lib_a-e_log.o)
                0x0800cc90                __ieee754_log
 .text.copysign
                0x0800d040       0x1a h:/truestudio for stm32 9.1.0/armtools/bin/../lib/gcc/arm-atollic-eabi/6.3.1/../../../../arm-atollic-eabi/lib/armv7e-m/fpu\libm.a(lib_a-s_copysign.o)
                0x0800d040                copysign
 *fill*         0x0800d05a        0x2 
 .text.__errno  0x0800d05c        0xc h:/truestudio for stm32 9.1.0/armtools/bin/../lib/gcc/arm-atollic-eabi/6.3.1/../../../../arm-atollic-eabi/lib/armv7e-m/fpu\libc.a(lib_a-errno.o)
                0x0800d05c                __errno
 .text._sbrk    0x0800d068       0x1c h:/truestudio for stm32 9.1.0/armtools/bin/../lib/gcc/arm-atollic-eabi/6.3.1/../../../../arm-atollic-eabi/lib/armv7e-m/fpu\libnosys.a(sbrk.o)
                0x0800d068                _sbrk
 *(.glue_7)
 .glue_7        0x0800d084        0x0 linker stubs
 *(.glue_7t)
 .glue_7t       0x0800d084        0x0 linker stubs
 *(.eh_frame)
 .eh_frame      0x0800d084        0x0 h:/truestudio for stm32 9.1.0/armtools/bin/../lib/gcc/arm-atollic-eabi/6.3.1/armv7e-m/fpu/crtbegin.o
 *(.init)
 .init          0x0800d084        0x4 h:/truestudio for stm32 9.1.0/armtools/bin/../lib/gcc/arm-atollic-eabi/6.3.1/armv7e-m/fpu/crti.o
                0x0800d084                _init
 .init          0x0800d088        0x8 h:/truestudio for stm32 9.1.0/armtools/bin/../lib/gcc/arm-atollic-eabi/6.3.1/armv7e-m/fpu/crtn.o
 *(.fini)
 .fini          0x0800d090        0x4 h:/truestudio for stm32 9.1.0/armtools/bin/../lib/gcc/arm-atollic-eabi/6.3.1/armv7e-m/fpu/crti.o
                0x0800d090                _fini
 .fini          0x0800d094        0x8 h:/truestudio for stm32 9.1.0/armtools/bin/../lib/gcc/arm-atollic-eabi/6.3.1/armv7e-m/fpu/crtn.o
                0x0800d09c                . = ALIGN (0x4)
                0x0800d09c                _etext = .

.vfp11_veneer   0x0800d09c        0x0
 .vfp11_veneer  0x0800d09c        0x0 linker stubs

.v4_bx          0x0800d09c        0x0
 .v4_bx         0x0800d09c        0x0 linker stubs

.iplt           0x0800d09c        0x0
 .iplt          0x0800d09c        0x0 h:/truestudio for stm32 9.1.0/armtools/bin/../lib/gcc/arm-atollic-eabi/6.3.1/armv7e-m/fpu/crtbegin.o

.rodata         0x0800d0a0      0xc20
                0x0800d0a0                . = ALIGN (0x4)
 *(.rodata)
 .rodata        0x0800d0a0       0x48 Src\main.o
 *(.rodata*)
 .rodata.flagBitshiftOffset.9674
                0x0800d0e8        0x8 Drivers\STM32F4xx_HAL_Driver\Src\stm32f4xx_hal_dma.o
 .rodata.ExCvt  0x0800d0f0       0x80 Middlewares\Third_Party\FatFs\src\ff.o
 .rodata.follow_path.str1.1
                0x0800d170        0xf Middlewares\Third_Party\FatFs\src\ff.o
 .rodata.font1  0x0800d17f      0x500 Src\MA_ILI9341.o
 .rodata.MX_ADC1_Init.str1.1
                0x0800d67f        0xd Src\adc.o
 .rodata.MX_DAC_Init.str1.1
                0x0800d68c        0xd Src\dac.o
 .rodata.MX_FSMC_Init.str1.1
                0x0800d699        0xe Src\fsmc.o
 .rodata.MX_I2C1_Init.str1.1
                0x0800d6a7        0xd Src\i2c.o
 .rodata.HAL_ADC_ConvCpltCallback.str1.1
                0x0800d6b4       0x2c Src\main.o
                                 0x30 (size before relaxing)
 .rodata.HAL_GPIO_EXTI_Callback.str1.1
                0x0800d6e0       0x27 Src\main.o
 .rodata.amplify_ui.str1.1
                0x0800d707       0x1c Src\main.o
                                 0x25 (size before relaxing)
 .rodata.frequency_ui.str1.1
                0x0800d723       0x32 Src\main.o
                                 0x35 (size before relaxing)
 .rodata.measure_ui.str1.1
                0x0800d755       0x2a Src\main.o
                                 0x32 (size before relaxing)
 .rodata.start_ui.str1.1
                0x0800d77f       0x35 Src\main.o
 .rodata.sweep_ui.str1.1
                0x0800d7b4       0x34 Src\main.o
 .rodata.SD_Driver
                0x0800d7e8       0x14 Src\sd_diskio.o
                0x0800d7e8                SD_Driver
 .rodata.HAL_SD_MspInit.str1.1
                0x0800d7fc        0xe Src\sdio.o
 .rodata.AHBPrescTable
                0x0800d80a       0x10 Src\system_stm32f4xx.o
                0x0800d80a                AHBPrescTable
 .rodata.APBPrescTable
                0x0800d81a        0x8 Src\system_stm32f4xx.o
                0x0800d81a                APBPrescTable
 .rodata.MX_TIM1_Init.str1.1
                0x0800d822        0xd Src\tim.o
 .rodata._svfprintf_r.str1.1
                0x0800d82f       0x32 h:/truestudio for stm32 9.1.0/armtools/bin/../lib/gcc/arm-atollic-eabi/6.3.1/../../../../arm-atollic-eabi/lib/armv7e-m/fpu\libc.a(lib_a-svfprintf.o)
                                 0x34 (size before relaxing)
 .rodata.blanks.8359
                0x0800d861       0x10 h:/truestudio for stm32 9.1.0/armtools/bin/../lib/gcc/arm-atollic-eabi/6.3.1/../../../../arm-atollic-eabi/lib/armv7e-m/fpu\libc.a(lib_a-svfprintf.o)
 .rodata.zeroes.8360
                0x0800d871       0x10 h:/truestudio for stm32 9.1.0/armtools/bin/../lib/gcc/arm-atollic-eabi/6.3.1/../../../../arm-atollic-eabi/lib/armv7e-m/fpu\libc.a(lib_a-svfprintf.o)
 .rodata._dtoa_r.str1.1
                0x0800d881        0xd h:/truestudio for stm32 9.1.0/armtools/bin/../lib/gcc/arm-atollic-eabi/6.3.1/../../../../arm-atollic-eabi/lib/armv7e-m/fpu\libc.a(lib_a-dtoa.o)
                                  0xf (size before relaxing)
 *fill*         0x0800d88e        0x2 
 .rodata.__mprec_bigtens
                0x0800d890       0x28 h:/truestudio for stm32 9.1.0/armtools/bin/../lib/gcc/arm-atollic-eabi/6.3.1/../../../../arm-atollic-eabi/lib/armv7e-m/fpu\libc.a(lib_a-mprec.o)
                0x0800d890                __mprec_bigtens
 .rodata.__mprec_tens
                0x0800d8b8       0xc8 h:/truestudio for stm32 9.1.0/armtools/bin/../lib/gcc/arm-atollic-eabi/6.3.1/../../../../arm-atollic-eabi/lib/armv7e-m/fpu\libc.a(lib_a-mprec.o)
                0x0800d8b8                __mprec_tens
 .rodata.p05.7196
                0x0800d980        0xc h:/truestudio for stm32 9.1.0/armtools/bin/../lib/gcc/arm-atollic-eabi/6.3.1/../../../../arm-atollic-eabi/lib/armv7e-m/fpu\libc.a(lib_a-mprec.o)
 .rodata._setlocale_r.str1.1
                0x0800d98c        0x8 h:/truestudio for stm32 9.1.0/armtools/bin/../lib/gcc/arm-atollic-eabi/6.3.1/../../../../arm-atollic-eabi/lib/armv7e-m/fpu\libc.a(lib_a-locale.o)
                                  0x9 (size before relaxing)
 .rodata.str1.1
                0x0800d994        0x8 h:/truestudio for stm32 9.1.0/armtools/bin/../lib/gcc/arm-atollic-eabi/6.3.1/../../../../arm-atollic-eabi/lib/armv7e-m/fpu\libc.a(lib_a-locale.o)
                                  0x2 (size before relaxing)
 .rodata._ctype_
                0x0800d994      0x101 h:/truestudio for stm32 9.1.0/armtools/bin/../lib/gcc/arm-atollic-eabi/6.3.1/../../../../arm-atollic-eabi/lib/armv7e-m/fpu\libc.a(lib_a-ctype_.o)
                0x0800d994                _ctype_
 .rodata.log10.str1.1
                0x0800da95        0x6 h:/truestudio for stm32 9.1.0/armtools/bin/../lib/gcc/arm-atollic-eabi/6.3.1/../../../../arm-atollic-eabi/lib/armv7e-m/fpu\libm.a(lib_a-w_log10.o)
                                  0x7 (size before relaxing)
 .rodata.pow.str1.1
                0x0800da9b        0x4 h:/truestudio for stm32 9.1.0/armtools/bin/../lib/gcc/arm-atollic-eabi/6.3.1/../../../../arm-atollic-eabi/lib/armv7e-m/fpu\libm.a(lib_a-w_pow.o)
 .rodata.sqrt.str1.1
                0x0800da9f        0x5 h:/truestudio for stm32 9.1.0/armtools/bin/../lib/gcc/arm-atollic-eabi/6.3.1/../../../../arm-atollic-eabi/lib/armv7e-m/fpu\libm.a(lib_a-w_sqrt.o)
 .rodata.__ieee754_pow.str1.1
                0x0800daa4        0x1 h:/truestudio for stm32 9.1.0/armtools/bin/../lib/gcc/arm-atollic-eabi/6.3.1/../../../../arm-atollic-eabi/lib/armv7e-m/fpu\libm.a(lib_a-e_pow.o)
 *fill*         0x0800daa4        0x4 
 .rodata.bp     0x0800daa8       0x10 h:/truestudio for stm32 9.1.0/armtools/bin/../lib/gcc/arm-atollic-eabi/6.3.1/../../../../arm-atollic-eabi/lib/armv7e-m/fpu\libm.a(lib_a-e_pow.o)
 .rodata.dp_h   0x0800dab8       0x10 h:/truestudio for stm32 9.1.0/armtools/bin/../lib/gcc/arm-atollic-eabi/6.3.1/../../../../arm-atollic-eabi/lib/armv7e-m/fpu\libm.a(lib_a-e_pow.o)
 .rodata.dp_l   0x0800dac8       0x10 h:/truestudio for stm32 9.1.0/armtools/bin/../lib/gcc/arm-atollic-eabi/6.3.1/../../../../arm-atollic-eabi/lib/armv7e-m/fpu\libm.a(lib_a-e_pow.o)
 .rodata.npio2_hw
                0x0800dad8       0x80 h:/truestudio for stm32 9.1.0/armtools/bin/../lib/gcc/arm-atollic-eabi/6.3.1/../../../../arm-atollic-eabi/lib/armv7e-m/fpu\libm.a(lib_a-e_rem_pio2.o)
 .rodata.two_over_pi
                0x0800db58      0x108 h:/truestudio for stm32 9.1.0/armtools/bin/../lib/gcc/arm-atollic-eabi/6.3.1/../../../../arm-atollic-eabi/lib/armv7e-m/fpu\libm.a(lib_a-e_rem_pio2.o)
 .rodata.PIo2   0x0800dc60       0x40 h:/truestudio for stm32 9.1.0/armtools/bin/../lib/gcc/arm-atollic-eabi/6.3.1/../../../../arm-atollic-eabi/lib/armv7e-m/fpu\libm.a(lib_a-k_rem_pio2.o)
 .rodata.init_jk
                0x0800dca0       0x10 h:/truestudio for stm32 9.1.0/armtools/bin/../lib/gcc/arm-atollic-eabi/6.3.1/../../../../arm-atollic-eabi/lib/armv7e-m/fpu\libm.a(lib_a-k_rem_pio2.o)
 .rodata.TWO52  0x0800dcb0       0x10 h:/truestudio for stm32 9.1.0/armtools/bin/../lib/gcc/arm-atollic-eabi/6.3.1/../../../../arm-atollic-eabi/lib/armv7e-m/fpu\libm.a(lib_a-s_rint.o)
                0x0800dcc0                . = ALIGN (0x4)

.ARM.extab
 *(.ARM.extab* .gnu.linkonce.armextab.*)

.ARM            0x0800dcc0        0x8
                0x0800dcc0                __exidx_start = .
 *(.ARM.exidx*)
 .ARM.exidx     0x0800dcc0        0x8 h:/truestudio for stm32 9.1.0/armtools/bin/../lib/gcc/arm-atollic-eabi/6.3.1/armv7e-m/fpu\libgcc.a(_udivmoddi4.o)
                0x0800dcc8                __exidx_end = .

.rel.dyn        0x0800dcc8        0x0
 .rel.iplt      0x0800dcc8        0x0 h:/truestudio for stm32 9.1.0/armtools/bin/../lib/gcc/arm-atollic-eabi/6.3.1/armv7e-m/fpu/crtbegin.o

.preinit_array  0x0800dcc8        0x0
                0x0800dcc8                PROVIDE (__preinit_array_start, .)
 *(.preinit_array*)
                0x0800dcc8                PROVIDE (__preinit_array_end, .)

.init_array     0x0800dcc8        0x4
                0x0800dcc8                PROVIDE (__init_array_start, .)
 *(SORT(.init_array.*))
 *(.init_array*)
 .init_array    0x0800dcc8        0x4 h:/truestudio for stm32 9.1.0/armtools/bin/../lib/gcc/arm-atollic-eabi/6.3.1/armv7e-m/fpu/crtbegin.o
                0x0800dccc                PROVIDE (__init_array_end, .)

.fini_array     0x0800dccc        0x4
                [!provide]                PROVIDE (__fini_array_start, .)
 *(SORT(.fini_array.*))
 *(.fini_array*)
 .fini_array    0x0800dccc        0x4 h:/truestudio for stm32 9.1.0/armtools/bin/../lib/gcc/arm-atollic-eabi/6.3.1/armv7e-m/fpu/crtbegin.o
                [!provide]                PROVIDE (__fini_array_end, .)
                0x0800dcd0                _sidata = LOADADDR (.data)

.data           0x20000000      0x688 load address 0x0800dcd0
                0x20000000                . = ALIGN (0x4)
                0x20000000                _sdata = .
 *(.data)
 *(.data*)
 .data.uwTickFreq
                0x20000000        0x1 Drivers\STM32F4xx_HAL_Driver\Src\stm32f4xx_hal.o
                0x20000000                uwTickFreq
 *fill*         0x20000001        0x3 
 .data.uwTickPrio
                0x20000004        0x4 Drivers\STM32F4xx_HAL_Driver\Src\stm32f4xx_hal.o
                0x20000004                uwTickPrio
 .data.rotationNum
                0x20000008        0x1 Src\MA_ILI9341.o
 .data.ui       0x20000009        0x5 Src\main.o
                0x20000009                ui
 .data.Stat     0x2000000e        0x1 Src\sd_diskio.o
 *fill*         0x2000000f        0x1 
 .data.SystemCoreClock
                0x20000010        0x4 Src\system_stm32f4xx.o
                0x20000010                SystemCoreClock
 .data.__malloc_av_
                0x20000014      0x408 h:/truestudio for stm32 9.1.0/armtools/bin/../lib/gcc/arm-atollic-eabi/6.3.1/../../../../arm-atollic-eabi/lib/armv7e-m/fpu\libc.a(lib_a-mallocr.o)
                0x20000014                __malloc_av_
 .data.__malloc_sbrk_base
                0x2000041c        0x4 h:/truestudio for stm32 9.1.0/armtools/bin/../lib/gcc/arm-atollic-eabi/6.3.1/../../../../arm-atollic-eabi/lib/armv7e-m/fpu\libc.a(lib_a-mallocr.o)
                0x2000041c                __malloc_sbrk_base
 .data.__malloc_trim_threshold
                0x20000420        0x4 h:/truestudio for stm32 9.1.0/armtools/bin/../lib/gcc/arm-atollic-eabi/6.3.1/../../../../arm-atollic-eabi/lib/armv7e-m/fpu\libc.a(lib_a-mallocr.o)
                0x20000420                __malloc_trim_threshold
 .data._impure_ptr
                0x20000424        0x4 h:/truestudio for stm32 9.1.0/armtools/bin/../lib/gcc/arm-atollic-eabi/6.3.1/../../../../arm-atollic-eabi/lib/armv7e-m/fpu\libc.a(lib_a-impure.o)
                0x20000424                _impure_ptr
 .data.impure_data
                0x20000428       0xf0 h:/truestudio for stm32 9.1.0/armtools/bin/../lib/gcc/arm-atollic-eabi/6.3.1/../../../../arm-atollic-eabi/lib/armv7e-m/fpu\libc.a(lib_a-impure.o)
 .data.__global_locale
                0x20000518      0x16c h:/truestudio for stm32 9.1.0/armtools/bin/../lib/gcc/arm-atollic-eabi/6.3.1/../../../../arm-atollic-eabi/lib/armv7e-m/fpu\libc.a(lib_a-locale.o)
                0x20000518                __global_locale
 .data.__fdlib_version
                0x20000684        0x1 h:/truestudio for stm32 9.1.0/armtools/bin/../lib/gcc/arm-atollic-eabi/6.3.1/../../../../arm-atollic-eabi/lib/armv7e-m/fpu\libm.a(lib_a-s_lib_ver.o)
                0x20000684                __fdlib_version
                0x20000688                . = ALIGN (0x4)
 *fill*         0x20000685        0x3 
                0x20000688                _edata = .
                0x0800e358                _siccmram = LOADADDR (.ccmram)

.igot.plt       0x20000688        0x0 load address 0x0800e358
 .igot.plt      0x20000688        0x0 h:/truestudio for stm32 9.1.0/armtools/bin/../lib/gcc/arm-atollic-eabi/6.3.1/armv7e-m/fpu/crtbegin.o

.ccmram         0x10000000        0x0 load address 0x0800e358
                0x10000000                . = ALIGN (0x4)
                0x10000000                _sccmram = .
 *(.ccmram)
 *(.ccmram*)
                0x10000000                . = ALIGN (0x4)
                0x10000000                _eccmram = .
                0x10000000                . = ALIGN (0x4)

.bss            0x20000688     0xeab8
                0x20000688                _sbss = .
                0x20000688                __bss_start__ = _sbss
 *(.bss)
 .bss           0x20000688       0x1c h:/truestudio for stm32 9.1.0/armtools/bin/../lib/gcc/arm-atollic-eabi/6.3.1/armv7e-m/fpu/crtbegin.o
 *(.bss*)
 .bss.FatFs     0x200006a4        0x4 Middlewares\Third_Party\FatFs\src\ff.o
 .bss.Files     0x200006a8       0x20 Middlewares\Third_Party\FatFs\src\ff.o
 .bss.Fsid      0x200006c8        0x2 Middlewares\Third_Party\FatFs\src\ff.o
 *fill*         0x200006ca        0x2 
 .bss.disk      0x200006cc        0xc Middlewares\Third_Party\FatFs\src\ff_gen_drv.o
                0x200006cc                disk
 .bss.FSMC_Initialized
                0x200006d8        0x4 Src\fsmc.o
 .bss.ADC_Measurement
                0x200006dc     0x2000 Src\main.o
                0x200006dc                ADC_Measurement
 .bss.ADC_Result
                0x200026dc     0x4000 Src\main.o
                0x200026dc                ADC_Result
 .bss.aDigit    0x200066dc       0x10 Src\main.o
                0x200066dc                aDigit
 .bss.acDigit   0x200066ec        0x4 Src\main.o
                0x200066ec                acDigit
 .bss.amp       0x200066f0        0x4 Src\main.o
                0x200066f0                amp
 .bss.amp0      0x200066f4        0x4 Src\main.o
                0x200066f4                amp0
 .bss.amp1      0x200066f8        0x4 Src\main.o
                0x200066f8                amp1
 .bss.amplitude
                0x200066fc        0x2 Src\main.o
                0x200066fc                amplitude
 .bss.ctr.13357
                0x200066fe        0x1 Src\main.o
 .bss.ctr.13376
                0x200066ff        0x1 Src\main.o
 .bss.ctrl      0x20006700        0x1 Src\main.o
                0x20006700                ctrl
 *fill*         0x20006701        0x1 
 .bss.dTime1.13474
                0x20006702        0x2 Src\main.o
 .bss.dc        0x20006704        0x1 Src\main.o
                0x20006704                dc
 *fill*         0x20006705        0x3 
 .bss.dc0       0x20006708        0x4 Src\main.o
                0x20006708                dc0
 .bss.dc1       0x2000670c        0x4 Src\main.o
                0x2000670c                dc1
 .bss.debounceTime
                0x20006710        0x4 Src\main.o
                0x20006710                debounceTime
 .bss.fDigit    0x20006714       0x14 Src\main.o
                0x20006714                fDigit
 .bss.fcDigit   0x20006728        0x4 Src\main.o
                0x20006728                fcDigit
 .bss.frequency
                0x2000672c        0x4 Src\main.o
                0x2000672c                frequency
 .bss.longPress
                0x20006730        0x1 Src\main.o
                0x20006730                longPress
 *fill*         0x20006731        0x3 
 .bss.rms1      0x20006734        0x4 Src\main.o
                0x20006734                rms1
 .bss.rmsMean0  0x20006738        0x4 Src\main.o
                0x20006738                rmsMean0
 .bss.rmsMean1  0x2000673c        0x4 Src\main.o
                0x2000673c                rmsMean1
 .bss.samples   0x20006740        0x4 Src\main.o
                0x20006740                samples
 .bss.shortPress
                0x20006744        0x1 Src\main.o
                0x20006744                shortPress
 *fill*         0x20006745        0x1 
 .bss.sweepCtr.13378
                0x20006746        0x2 Src\main.o
 .bss.swp       0x20006748        0x1 Src\main.o
                0x20006748                swp
 *fill*         0x20006749        0x3 
 .bss.__malloc_current_mallinfo
                0x2000674c       0x28 h:/truestudio for stm32 9.1.0/armtools/bin/../lib/gcc/arm-atollic-eabi/6.3.1/../../../../arm-atollic-eabi/lib/armv7e-m/fpu\libc.a(lib_a-mallocr.o)
                0x2000674c                __malloc_current_mallinfo
 .bss.__malloc_max_sbrked_mem
                0x20006774        0x4 h:/truestudio for stm32 9.1.0/armtools/bin/../lib/gcc/arm-atollic-eabi/6.3.1/../../../../arm-atollic-eabi/lib/armv7e-m/fpu\libc.a(lib_a-mallocr.o)
                0x20006774                __malloc_max_sbrked_mem
 .bss.__malloc_max_total_mem
                0x20006778        0x4 h:/truestudio for stm32 9.1.0/armtools/bin/../lib/gcc/arm-atollic-eabi/6.3.1/../../../../arm-atollic-eabi/lib/armv7e-m/fpu\libc.a(lib_a-mallocr.o)
                0x20006778                __malloc_max_total_mem
 .bss.__malloc_top_pad
                0x2000677c        0x4 h:/truestudio for stm32 9.1.0/armtools/bin/../lib/gcc/arm-atollic-eabi/6.3.1/../../../../arm-atollic-eabi/lib/armv7e-m/fpu\libc.a(lib_a-mallocr.o)
                0x2000677c                __malloc_top_pad
 .bss.heap_end.5239
                0x20006780        0x4 h:/truestudio for stm32 9.1.0/armtools/bin/../lib/gcc/arm-atollic-eabi/6.3.1/../../../../arm-atollic-eabi/lib/armv7e-m/fpu\libnosys.a(sbrk.o)
 *(COMMON)
 COMMON         0x20006784        0x4 Drivers\STM32F4xx_HAL_Driver\Src\stm32f4xx_hal.o
                0x20006784                uwTick
 COMMON         0x20006788       0xa8 Src\adc.o
                0x20006788                hadc1
                0x200067d0                hdma_adc1
 COMMON         0x20006830       0x74 Src\dac.o
                0x20006830                hdma_dac1
                0x20006890                hdac
 COMMON         0x200068a4      0x468 Src\fatfs.o
                0x200068a4                retSD
                0x200068a5                SDPath
                0x200068ac                SDFile
                0x20006adc                SDFatFS
 COMMON         0x20006d0c       0x50 Src\fsmc.o
                0x20006d0c                hsram1
 COMMON         0x20006d5c       0x54 Src\i2c.o
                0x20006d5c                hi2c1
 COMMON         0x20006db0     0x8188 Src\main.o
                0x20006db0                myFILE
                0x20006fe0                wert1
                0x20006fe4                myFS
                0x20007214                SineDynamic
                0x20007218                c
                0x20007220                wert0
                0x20007224                writeOut
                0x2000ef24                fr
                0x2000ef25                potOneValue
                0x2000ef27                potTwoValue
                0x2000ef2c                pushedCtr
                0x2000ef30                testByte
                0x2000ef34                rms0
 COMMON         0x2000ef38      0x144 Src\sdio.o
                0x2000ef38                hdma_sdio_rx
                0x2000ef98                hdma_sdio_tx
                0x2000eff8                hsd
 COMMON         0x2000f07c       0xb4 Src\tim.o
                0x2000f07c                htim8
                0x2000f0b8                htim1
                0x2000f0f4                htim2
 COMMON         0x2000f130        0x9 h:/truestudio for stm32 9.1.0/armtools/bin/../lib/gcc/arm-atollic-eabi/6.3.1/../../../../arm-atollic-eabi/lib/armv7e-m/fpu\libc.a(lib_a-lock.o)
                0x2000f130                __lock___atexit_recursive_mutex
                0x2000f131                __lock___arc4random_mutex
                0x2000f132                __lock___env_recursive_mutex
                0x2000f133                __lock___sinit_recursive_mutex
                0x2000f134                __lock___malloc_recursive_mutex
                0x2000f135                __lock___at_quick_exit_mutex
                0x2000f136                __lock___dd_hash_mutex
                0x2000f137                __lock___tz_mutex
                0x2000f138                __lock___sfp_recursive_mutex
 *fill*         0x2000f139        0x3 
 COMMON         0x2000f13c        0x4 h:/truestudio for stm32 9.1.0/armtools/bin/../lib/gcc/arm-atollic-eabi/6.3.1/../../../../arm-atollic-eabi/lib/armv7e-m/fpu\libc.a(lib_a-reent.o)
                0x2000f13c                errno
                0x2000f140                . = ALIGN (0x4)
                0x2000f140                _ebss = .
                0x2000f140                __bss_end__ = _ebss

._user_heap_stack
                0x2000f140     0x6000
                0x2000f140                . = ALIGN (0x4)
                0x2000f140                PROVIDE (end, .)
                [!provide]                PROVIDE (_end, .)
                0x20011140                . = (. + _Min_Heap_Size)
 *fill*         0x2000f140     0x2000 
                0x20015140                . = (. + _Min_Stack_Size)
 *fill*         0x20011140     0x4000 
                0x20015140                . = ALIGN (0x4)

/DISCARD/
 libc.a(*)
 libm.a(*)
 libgcc.a(*)

.ARM.attributes
                0x00000000       0x30
 *(.ARM.attributes)
 .ARM.attributes
                0x00000000       0x22 h:/truestudio for stm32 9.1.0/armtools/bin/../lib/gcc/arm-atollic-eabi/6.3.1/armv7e-m/fpu/crti.o
 .ARM.attributes
                0x00000022       0x34 h:/truestudio for stm32 9.1.0/armtools/bin/../lib/gcc/arm-atollic-eabi/6.3.1/armv7e-m/fpu/crtbegin.o
 .ARM.attributes
                0x00000056       0x39 Drivers\STM32F4xx_HAL_Driver\Src\stm32f4xx_hal.o
 .ARM.attributes
                0x0000008f       0x39 Drivers\STM32F4xx_HAL_Driver\Src\stm32f4xx_hal_adc.o
 .ARM.attributes
                0x000000c8       0x39 Drivers\STM32F4xx_HAL_Driver\Src\stm32f4xx_hal_cortex.o
 .ARM.attributes
                0x00000101       0x39 Drivers\STM32F4xx_HAL_Driver\Src\stm32f4xx_hal_dac.o
 .ARM.attributes
                0x0000013a       0x39 Drivers\STM32F4xx_HAL_Driver\Src\stm32f4xx_hal_dac_ex.o
 .ARM.attributes
                0x00000173       0x39 Drivers\STM32F4xx_HAL_Driver\Src\stm32f4xx_hal_dma.o
 .ARM.attributes
                0x000001ac       0x39 Drivers\STM32F4xx_HAL_Driver\Src\stm32f4xx_hal_gpio.o
 .ARM.attributes
                0x000001e5       0x39 Drivers\STM32F4xx_HAL_Driver\Src\stm32f4xx_hal_i2c.o
 .ARM.attributes
                0x0000021e       0x39 Drivers\STM32F4xx_HAL_Driver\Src\stm32f4xx_hal_rcc.o
 .ARM.attributes
                0x00000257       0x39 Drivers\STM32F4xx_HAL_Driver\Src\stm32f4xx_hal_sd.o
 .ARM.attributes
                0x00000290       0x39 Drivers\STM32F4xx_HAL_Driver\Src\stm32f4xx_hal_sram.o
 .ARM.attributes
                0x000002c9       0x39 Drivers\STM32F4xx_HAL_Driver\Src\stm32f4xx_hal_tim.o
 .ARM.attributes
                0x00000302       0x39 Drivers\STM32F4xx_HAL_Driver\Src\stm32f4xx_hal_tim_ex.o
 .ARM.attributes
                0x0000033b       0x39 Drivers\STM32F4xx_HAL_Driver\Src\stm32f4xx_ll_fsmc.o
 .ARM.attributes
                0x00000374       0x39 Drivers\STM32F4xx_HAL_Driver\Src\stm32f4xx_ll_sdmmc.o
 .ARM.attributes
                0x000003ad       0x39 Middlewares\Third_Party\FatFs\src\diskio.o
 .ARM.attributes
                0x000003e6       0x39 Middlewares\Third_Party\FatFs\src\ff.o
 .ARM.attributes
                0x0000041f       0x39 Middlewares\Third_Party\FatFs\src\ff_gen_drv.o
 .ARM.attributes
                0x00000458       0x39 Src\MA_ILI9341.o
 .ARM.attributes
                0x00000491       0x39 Src\adc.o
 .ARM.attributes
                0x000004ca       0x39 Src\bsp_driver_sd.o
 .ARM.attributes
                0x00000503       0x39 Src\dac.o
 .ARM.attributes
                0x0000053c       0x39 Src\dma.o
 .ARM.attributes
                0x00000575       0x39 Src\fatfs.o
 .ARM.attributes
                0x000005ae       0x39 Src\fsmc.o
 .ARM.attributes
                0x000005e7       0x39 Src\gpio.o
 .ARM.attributes
                0x00000620       0x39 Src\i2c.o
 .ARM.attributes
                0x00000659       0x39 Src\main.o
 .ARM.attributes
                0x00000692       0x39 Src\sd_diskio.o
 .ARM.attributes
                0x000006cb       0x39 Src\sdio.o
 .ARM.attributes
                0x00000704       0x39 Src\stm32f4xx_hal_msp.o
 .ARM.attributes
                0x0000073d       0x39 Src\stm32f4xx_it.o
 .ARM.attributes
                0x00000776       0x39 Src\system_stm32f4xx.o
 .ARM.attributes
                0x000007af       0x39 Src\tim.o
 .ARM.attributes
                0x000007e8       0x21 startup\startup_stm32f407xx.o
 .ARM.attributes
                0x00000809       0x34 h:/truestudio for stm32 9.1.0/armtools/bin/../lib/gcc/arm-atollic-eabi/6.3.1/../../../../arm-atollic-eabi/lib/armv7e-m/fpu\libc.a(lib_a-init.o)
 .ARM.attributes
                0x0000083d       0x34 h:/truestudio for stm32 9.1.0/armtools/bin/../lib/gcc/arm-atollic-eabi/6.3.1/../../../../arm-atollic-eabi/lib/armv7e-m/fpu\libc.a(lib_a-malloc.o)
 .ARM.attributes
                0x00000871       0x34 h:/truestudio for stm32 9.1.0/armtools/bin/../lib/gcc/arm-atollic-eabi/6.3.1/../../../../arm-atollic-eabi/lib/armv7e-m/fpu\libc.a(lib_a-mallocr.o)
 .ARM.attributes
                0x000008a5       0x34 h:/truestudio for stm32 9.1.0/armtools/bin/../lib/gcc/arm-atollic-eabi/6.3.1/../../../../arm-atollic-eabi/lib/armv7e-m/fpu\libc.a(lib_a-mlock.o)
 .ARM.attributes
                0x000008d9       0x34 h:/truestudio for stm32 9.1.0/armtools/bin/../lib/gcc/arm-atollic-eabi/6.3.1/../../../../arm-atollic-eabi/lib/armv7e-m/fpu\libc.a(lib_a-sbrkr.o)
 .ARM.attributes
                0x0000090d       0x34 h:/truestudio for stm32 9.1.0/armtools/bin/../lib/gcc/arm-atollic-eabi/6.3.1/../../../../arm-atollic-eabi/lib/armv7e-m/fpu\libc.a(lib_a-sprintf.o)
 .ARM.attributes
                0x00000941       0x34 h:/truestudio for stm32 9.1.0/armtools/bin/../lib/gcc/arm-atollic-eabi/6.3.1/../../../../arm-atollic-eabi/lib/armv7e-m/fpu\libc.a(lib_a-strcat.o)
 .ARM.attributes
                0x00000975       0x34 h:/truestudio for stm32 9.1.0/armtools/bin/../lib/gcc/arm-atollic-eabi/6.3.1/../../../../arm-atollic-eabi/lib/armv7e-m/fpu\libc.a(lib_a-svfprintf.o)
 .ARM.attributes
                0x000009a9       0x34 h:/truestudio for stm32 9.1.0/armtools/bin/../lib/gcc/arm-atollic-eabi/6.3.1/../../../../arm-atollic-eabi/lib/armv7e-m/fpu\libc.a(lib_a-dtoa.o)
 .ARM.attributes
                0x000009dd       0x34 h:/truestudio for stm32 9.1.0/armtools/bin/../lib/gcc/arm-atollic-eabi/6.3.1/../../../../arm-atollic-eabi/lib/armv7e-m/fpu\libc.a(lib_a-freer.o)
 .ARM.attributes
                0x00000a11       0x34 h:/truestudio for stm32 9.1.0/armtools/bin/../lib/gcc/arm-atollic-eabi/6.3.1/../../../../arm-atollic-eabi/lib/armv7e-m/fpu\libc.a(lib_a-impure.o)
 .ARM.attributes
                0x00000a45       0x34 h:/truestudio for stm32 9.1.0/armtools/bin/../lib/gcc/arm-atollic-eabi/6.3.1/../../../../arm-atollic-eabi/lib/armv7e-m/fpu\libc.a(lib_a-localeconv.o)
 .ARM.attributes
                0x00000a79       0x34 h:/truestudio for stm32 9.1.0/armtools/bin/../lib/gcc/arm-atollic-eabi/6.3.1/../../../../arm-atollic-eabi/lib/armv7e-m/fpu\libc.a(lib_a-lock.o)
 .ARM.attributes
                0x00000aad       0x20 h:/truestudio for stm32 9.1.0/armtools/bin/../lib/gcc/arm-atollic-eabi/6.3.1/../../../../arm-atollic-eabi/lib/armv7e-m/fpu\libc.a(lib_a-memchr.o)
 .ARM.attributes
                0x00000acd       0x34 h:/truestudio for stm32 9.1.0/armtools/bin/../lib/gcc/arm-atollic-eabi/6.3.1/../../../../arm-atollic-eabi/lib/armv7e-m/fpu\libc.a(lib_a-memcpy-stub.o)
 .ARM.attributes
                0x00000b01       0x34 h:/truestudio for stm32 9.1.0/armtools/bin/../lib/gcc/arm-atollic-eabi/6.3.1/../../../../arm-atollic-eabi/lib/armv7e-m/fpu\libc.a(lib_a-mprec.o)
 .ARM.attributes
                0x00000b35       0x34 h:/truestudio for stm32 9.1.0/armtools/bin/../lib/gcc/arm-atollic-eabi/6.3.1/../../../../arm-atollic-eabi/lib/armv7e-m/fpu\libc.a(lib_a-reent.o)
 .ARM.attributes
                0x00000b69       0x1b h:/truestudio for stm32 9.1.0/armtools/bin/../lib/gcc/arm-atollic-eabi/6.3.1/../../../../arm-atollic-eabi/lib/armv7e-m/fpu\libc.a(lib_a-strlen.o)
 .ARM.attributes