main.c:214:6:SystemClock_Config	88	static
main.c:799:6:HAL_TIM_PeriodElapsedCallback	0	static
main.c:808:6:create_sine	48	static
main.c:853:6:clear_ui	0	static
main.c:863:6:start_ui	24	static
main.c:872:6:frequency_ui	40	static
main.c:901:6:amplify_ui	32	static
main.c:932:6:sweep_ui	24	static
main.c:944:6:measure_ui	64	static
main.c:828:6:call_ui	8	static
main.c:271:6:HAL_ADC_ConvCpltCallback	96	static
main.c:123:5:main	96	static
main.c:992:5:debounce	0	static
main.c:513:6:HAL_GPIO_EXTI_Callback	112	static
main.c:1014:6:_Error_Handler	0	static
