main.c:213:6:SystemClock_Config	88	static
main.c:803:6:HAL_TIM_PeriodElapsedCallback	0	static
main.c:812:6:create_sine	48	static
main.c:857:6:clear_ui	0	static
main.c:867:6:start_ui	24	static
main.c:876:6:frequency_ui	40	static
main.c:905:6:amplify_ui	32	static
main.c:936:6:sweep_ui	24	static
main.c:948:6:measure_ui	64	static
main.c:832:6:call_ui	8	static
main.c:270:6:HAL_ADC_ConvCpltCallback	96	static
main.c:121:5:main	96	static
main.c:996:5:debounce	0	static
main.c:517:6:HAL_GPIO_EXTI_Callback	112	static
main.c:1018:6:_Error_Handler	0	static
