stm32f4xx_it.c:58:6:NMI_Handler	0	static
stm32f4xx_it.c:71:6:HardFault_Handler	0	static
stm32f4xx_it.c:89:6:MemManage_Handler	0	static
stm32f4xx_it.c:107:6:BusFault_Handler	0	static
stm32f4xx_it.c:125:6:UsageFault_Handler	0	static
stm32f4xx_it.c:143:6:SVC_Handler	0	static
stm32f4xx_it.c:156:6:DebugMon_Handler	0	static
stm32f4xx_it.c:169:6:PendSV_Handler	0	static
stm32f4xx_it.c:182:6:SysTick_Handler	8	static
stm32f4xx_it.c:204:6:EXTI0_IRQHandler	0	static
stm32f4xx_it.c:218:6:EXTI1_IRQHandler	0	static
stm32f4xx_it.c:232:6:EXTI2_IRQHandler	0	static
stm32f4xx_it.c:246:6:EXTI3_IRQHandler	0	static
stm32f4xx_it.c:260:6:DMA1_Stream5_IRQHandler	0	static
stm32f4xx_it.c:274:6:EXTI9_5_IRQHandler	0	static
stm32f4xx_it.c:288:6:TIM1_UP_TIM10_IRQHandler	0	static
stm32f4xx_it.c:302:6:SDIO_IRQHandler	0	static
stm32f4xx_it.c:316:6:TIM6_DAC_IRQHandler	0	static
stm32f4xx_it.c:330:6:DMA2_Stream0_IRQHandler	0	static
stm32f4xx_it.c:344:6:DMA2_Stream3_IRQHandler	0	static
stm32f4xx_it.c:358:6:DMA2_Stream6_IRQHandler	0	static
